Component: ARM Compiler 5.06 update 6 (build 750) Tool: armlink [4d35ed]

==============================================================================

Section Cross References

    main_serialsw.o(i.Checksum) refers to main_serialsw.o(.bss) for RawBuffer
    main_serialsw.o(i.Checksum_sever) refers to main_serialsw.o(.bss) for RawBuffer_sever
    main_serialsw.o(i.ClearRXBuffer) refers to main_serialsw.o(.bss) for RawBuffer
    main_serialsw.o(i.ClearRXBuffer_sever) refers to main_serialsw.o(.bss) for RawBuffer_sever
    main_serialsw.o(i.DELAYms) refers to sysctl.o(i.SysCtlClockGet) for SysCtlClockGet
    main_serialsw.o(i.DELAYms) refers to sysctl.o(.emb_text) for SysCtlDelay
    main_serialsw.o(i.GPIO_Config) refers to sysctl.o(i.SysCtlPeripheralEnable) for SysCtlPeripheralEnable
    main_serialsw.o(i.GPIO_Config) refers to gpio.o(i.GPIOPinTypeGPIOOutput) for GPIOPinTypeGPIOOutput
    main_serialsw.o(i.GPIO_Config) refers to gpio.o(i.GPIODirModeSet) for GPIODirModeSet
    main_serialsw.o(i.GPIO_Config) refers to gpio.o(i.GPIOPadConfigSet) for GPIOPadConfigSet
    main_serialsw.o(i.Port0IntHandler) refers to uart.o(i.UARTIntStatus) for UARTIntStatus
    main_serialsw.o(i.Port0IntHandler) refers to uart.o(i.UARTIntClear) for UARTIntClear
    main_serialsw.o(i.Port0IntHandler) refers to uart.o(i.UARTCharGet) for UARTCharGet
    main_serialsw.o(i.Port0IntHandler) refers to uart.o(i.UARTCharsAvail) for UARTCharsAvail
    main_serialsw.o(i.Port0IntHandler) refers to main_serialsw.o(.bss) for Count
    main_serialsw.o(i.Port0IntHandler) refers to main_serialsw.o(.data) for ReadByte
    main_serialsw.o(i.Port1IntHandler) refers to uart.o(i.UARTIntStatus) for UARTIntStatus
    main_serialsw.o(i.Port1IntHandler) refers to uart.o(i.UARTIntClear) for UARTIntClear
    main_serialsw.o(i.Port1IntHandler) refers to uart.o(i.UARTCharGet) for UARTCharGet
    main_serialsw.o(i.Port1IntHandler) refers to uart.o(i.UARTCharsAvail) for UARTCharsAvail
    main_serialsw.o(i.Port1IntHandler) refers to main_serialsw.o(.bss) for Count
    main_serialsw.o(i.Port1IntHandler) refers to main_serialsw.o(.data) for ReadByte
    main_serialsw.o(i.Port2IntHandler) refers to uart.o(i.UARTIntStatus) for UARTIntStatus
    main_serialsw.o(i.Port2IntHandler) refers to uart.o(i.UARTIntClear) for UARTIntClear
    main_serialsw.o(i.Port2IntHandler) refers to uart.o(i.UARTCharGet) for UARTCharGet
    main_serialsw.o(i.Port2IntHandler) refers to uart.o(i.UARTCharsAvail) for UARTCharsAvail
    main_serialsw.o(i.Port2IntHandler) refers to main_serialsw.o(.bss) for Count
    main_serialsw.o(i.Port2IntHandler) refers to main_serialsw.o(.data) for ReadByte
    main_serialsw.o(i.Port3IntHandler) refers to uart.o(i.UARTIntStatus) for UARTIntStatus
    main_serialsw.o(i.Port3IntHandler) refers to uart.o(i.UARTIntClear) for UARTIntClear
    main_serialsw.o(i.Port3IntHandler) refers to uart.o(i.UARTCharGet) for UARTCharGet
    main_serialsw.o(i.Port3IntHandler) refers to uart.o(i.UARTCharsAvail) for UARTCharsAvail
    main_serialsw.o(i.Port3IntHandler) refers to main_serialsw.o(.bss) for Count
    main_serialsw.o(i.Port3IntHandler) refers to main_serialsw.o(.data) for ReadByte
    main_serialsw.o(i.Port4IntHandler) refers to uart.o(i.UARTIntStatus) for UARTIntStatus
    main_serialsw.o(i.Port4IntHandler) refers to uart.o(i.UARTIntClear) for UARTIntClear
    main_serialsw.o(i.Port4IntHandler) refers to uart.o(i.UARTCharGet) for UARTCharGet
    main_serialsw.o(i.Port4IntHandler) refers to uart.o(i.UARTCharsAvail) for UARTCharsAvail
    main_serialsw.o(i.Port4IntHandler) refers to main_serialsw.o(.bss) for Count
    main_serialsw.o(i.Port4IntHandler) refers to main_serialsw.o(.data) for ReadByte
    main_serialsw.o(i.Port5IntHandler) refers to uart.o(i.UARTIntStatus) for UARTIntStatus
    main_serialsw.o(i.Port5IntHandler) refers to uart.o(i.UARTIntClear) for UARTIntClear
    main_serialsw.o(i.Port5IntHandler) refers to uart.o(i.UARTCharGet) for UARTCharGet
    main_serialsw.o(i.Port5IntHandler) refers to uart.o(i.UARTCharsAvail) for UARTCharsAvail
    main_serialsw.o(i.Port5IntHandler) refers to main_serialsw.o(.bss) for Count
    main_serialsw.o(i.Port5IntHandler) refers to main_serialsw.o(.data) for ReadByte
    main_serialsw.o(i.Port6IntHandler) refers to uart.o(i.UARTIntStatus) for UARTIntStatus
    main_serialsw.o(i.Port6IntHandler) refers to uart.o(i.UARTIntClear) for UARTIntClear
    main_serialsw.o(i.Port6IntHandler) refers to uart.o(i.UARTCharGet) for UARTCharGet
    main_serialsw.o(i.Port6IntHandler) refers to uart.o(i.UARTCharsAvail) for UARTCharsAvail
    main_serialsw.o(i.Port6IntHandler) refers to main_serialsw.o(.bss) for Count
    main_serialsw.o(i.Port6IntHandler) refers to main_serialsw.o(.data) for ReadByte
    main_serialsw.o(i.SYSClockSet) refers to sysctl.o(i.SysCtlClockSet) for SysCtlClockSet
    main_serialsw.o(i.SeverIntHandler) refers to uart.o(i.UARTIntStatus) for UARTIntStatus
[...]
    Removing onewire.o(i.OneWireDataGet), (18 bytes).
    Removing onewire.o(i.OneWireDataGetNonBlocking), (22 bytes).
    Removing onewire.o(i.OneWireInit), (4 bytes).
    Removing onewire.o(i.OneWireIntClear), (6 bytes).
    Removing onewire.o(i.OneWireIntDisable), (12 bytes).
    Removing onewire.o(i.OneWireIntEnable), (12 bytes).
    Removing onewire.o(i.OneWireIntRegister), (30 bytes).
    Removing onewire.o(i.OneWireIntStatus), (16 bytes).
    Removing onewire.o(i.OneWireIntUnregister), (26 bytes).
    Removing onewire.o(i.OneWireTransaction), (68 bytes).
    Removing onewire.o(i._OneWireIntNumberGet), (36 bytes).
    Removing pwm.o(i.PWMClockGet), (28 bytes).
    Removing pwm.o(i.PWMClockSet), (18 bytes).
    Removing pwm.o(i.PWMDeadBandDisable), (14 bytes).
    Removing pwm.o(i.PWMDeadBandEnable), (18 bytes).
    Removing pwm.o(i.PWMFaultIntClear), (8 bytes).
    Removing pwm.o(i.PWMFaultIntClearExt), (4 bytes).
    Removing pwm.o(i.PWMFaultIntRegister), (30 bytes).
    Removing pwm.o(i.PWMFaultIntUnregister), (26 bytes).
    Removing pwm.o(i.PWMGenConfigure), (48 bytes).
    Removing pwm.o(i.PWMGenDisable), (10 bytes).
    Removing pwm.o(i.PWMGenEnable), (10 bytes).
    Removing pwm.o(i.PWMGenFaultClear), (36 bytes).
    Removing pwm.o(i.PWMGenFaultConfigure), (20 bytes).
    Removing pwm.o(i.PWMGenFaultStatus), (38 bytes).
    Removing pwm.o(i.PWMGenFaultTriggerGet), (16 bytes).
    Removing pwm.o(i.PWMGenFaultTriggerSet), (16 bytes).
    Removing pwm.o(i.PWMGenIntClear), (6 bytes).
    Removing pwm.o(i.PWMGenIntRegister), (38 bytes).
    Removing pwm.o(i.PWMGenIntStatus), (16 bytes).
    Removing pwm.o(i.PWMGenIntTrigDisable), (14 bytes).
    Removing pwm.o(i.PWMGenIntTrigEnable), (14 bytes).
    Removing pwm.o(i.PWMGenIntUnregister), (30 bytes).
    Removing pwm.o(i.PWMGenPeriodGet), (24 bytes).
    Removing pwm.o(i.PWMGenPeriodSet), (22 bytes).
    Removing pwm.o(i.PWMIntDisable), (8 bytes).
    Removing pwm.o(i.PWMIntEnable), (8 bytes).
    Removing pwm.o(i.PWMIntStatus), (14 bytes).
    Removing pwm.o(i.PWMOutputFault), (20 bytes).
    Removing pwm.o(i.PWMOutputFaultLevel), (20 bytes).
    Removing pwm.o(i.PWMOutputInvert), (20 bytes).
    Removing pwm.o(i.PWMOutputState), (20 bytes).
    Removing pwm.o(i.PWMOutputUpdateMode), (82 bytes).
    Removing pwm.o(i.PWMPulseWidthGet), (40 bytes).
    Removing pwm.o(i.PWMPulseWidthSet), (38 bytes).
    Removing pwm.o(i.PWMSyncTimeBase), (4 bytes).
    Removing pwm.o(i.PWMSyncUpdate), (4 bytes).
    Removing pwm.o(i._PWMFaultIntNumberGet), (84 bytes).
    Removing pwm.o(i._PWMGenIntNumberGet), (272 bytes).
    Removing qei.o(i.QEIConfigure), (14 bytes).
    Removing qei.o(i.QEIDirectionGet), (20 bytes).
    Removing qei.o(i.QEIDisable), (10 bytes).
    Removing qei.o(i.QEIEnable), (10 bytes).
    Removing qei.o(i.QEIErrorGet), (10 bytes).
    Removing qei.o(i.QEIFilterConfigure), (12 bytes).
    Removing qei.o(i.QEIFilterDisable), (10 bytes).
    Removing qei.o(i.QEIFilterEnable), (10 bytes).
    Removing qei.o(i.QEIIntClear), (4 bytes).
    Removing qei.o(i.QEIIntDisable), (8 bytes).
    Removing qei.o(i.QEIIntEnable), (8 bytes).
    Removing qei.o(i.QEIIntRegister), (30 bytes).
    Removing qei.o(i.QEIIntStatus), (12 bytes).
    Removing qei.o(i.QEIIntUnregister), (26 bytes).
    Removing qei.o(i.QEIPositionGet), (6 bytes).
    Removing qei.o(i.QEIPositionSet), (4 bytes).
    Removing qei.o(i.QEIVelocityConfigure), (16 bytes).
    Removing qei.o(i.QEIVelocityDisable), (10 bytes).
    Removing qei.o(i.QEIVelocityEnable), (10 bytes).
    Removing qei.o(i.QEIVelocityGet), (6 bytes).
    Removing qei.o(i._QEIIntNumberGet), (84 bytes).
    Removing shamd5.o(i.SHAMD5ConfigSet), (4 bytes).
    Removing shamd5.o(i.SHAMD5DMADisable), (14 bytes).
    Removing shamd5.o(i.SHAMD5DMAEnable), (14 bytes).
    Removing shamd5.o(i.SHAMD5DataProcess), (70 bytes).
    Removing shamd5.o(i.SHAMD5DataWrite), (38 bytes).
    Removing shamd5.o(i.SHAMD5DataWriteNonBlocking), (42 bytes).
    Removing shamd5.o(i.SHAMD5HMACKeySet), (24 bytes).
    Removing shamd5.o(i.SHAMD5HMACPPKeyGenerate), (74 bytes).
    Removing shamd5.o(i.SHAMD5HMACPPKeySet), (28 bytes).
    Removing shamd5.o(i.SHAMD5HMACProcess), (70 bytes).
    Removing shamd5.o(i.SHAMD5HashLengthSet), (4 bytes).
    Removing shamd5.o(i.SHAMD5IntClear), (22 bytes).
    Removing shamd5.o(i.SHAMD5IntDisable), (60 bytes).
    Removing shamd5.o(i.SHAMD5IntEnable), (54 bytes).
    Removing shamd5.o(i.SHAMD5IntRegister), (22 bytes).
    Removing shamd5.o(i.SHAMD5IntStatus), (84 bytes).
    Removing shamd5.o(i.SHAMD5IntUnregister), (18 bytes).
    Removing shamd5.o(i.SHAMD5Reset), (40 bytes).
    Removing shamd5.o(i.SHAMD5ResultRead), (70 bytes).
    Removing shamd5.o(i._SHAMD5DataWriteMultiple), (80 bytes).
    Removing ssi.o(i.SSIAdvDataPutFrameEnd), (24 bytes).
    Removing ssi.o(i.SSIAdvDataPutFrameEndNonBlocking), (28 bytes).
    Removing ssi.o(i.SSIAdvFrameHoldDisable), (10 bytes).
    Removing ssi.o(i.SSIAdvFrameHoldEnable), (10 bytes).
    Removing ssi.o(i.SSIAdvModeSet), (12 bytes).
    Removing ssi.o(i.SSIBusy), (10 bytes).
    Removing ssi.o(i.SSIClockSourceGet), (8 bytes).
    Removing ssi.o(i.SSIClockSourceSet), (6 bytes).
    Removing ssi.o(i.SSIConfigSetExpClk), (86 bytes).
    Removing ssi.o(i.SSIDMADisable), (8 bytes).
    Removing ssi.o(i.SSIDMAEnable), (8 bytes).
    Removing ssi.o(i.SSIDataGet), (18 bytes).
    Removing ssi.o(i.SSIDataGetNonBlocking), (22 bytes).
    Removing ssi.o(i.SSIDataPut), (16 bytes).
    Removing ssi.o(i.SSIDataPutNonBlocking), (20 bytes).
    Removing ssi.o(i.SSIDisable), (10 bytes).
    Removing ssi.o(i.SSIEnable), (10 bytes).
    Removing ssi.o(i.SSIIntClear), (4 bytes).
    Removing ssi.o(i.SSIIntDisable), (8 bytes).
    Removing ssi.o(i.SSIIntEnable), (8 bytes).
    Removing ssi.o(i.SSIIntRegister), (30 bytes).
    Removing ssi.o(i.SSIIntStatus), (12 bytes).
    Removing ssi.o(i.SSIIntUnregister), (26 bytes).
    Removing ssi.o(i._SSIIntNumberGet), (76 bytes).
    Removing ssi.o(.constdata), (64 bytes).
    Removing sw_crc.o(i.Crc16), (208 bytes).
    Removing sw_crc.o(i.Crc16Array), (18 bytes).
    Removing sw_crc.o(i.Crc16Array3), (156 bytes).
    Removing sw_crc.o(i.Crc32), (208 bytes).
    Removing sw_crc.o(i.Crc8CCITT), (140 bytes).
    Removing sw_crc.o(.constdata), (1792 bytes).
    Removing sysctl.o(i.SysCtlAltClkConfig), (12 bytes).
    Removing sysctl.o(i.SysCtlClockFreqSet), (708 bytes).
    Removing sysctl.o(i.SysCtlClockOutConfig), (16 bytes).
    Removing sysctl.o(i.SysCtlDeepSleep), (36 bytes).
    Removing sysctl.o(i.SysCtlDeepSleepClockConfigSet), (124 bytes).
    Removing sysctl.o(i.SysCtlDeepSleepClockSet), (12 bytes).
    Removing sysctl.o(i.SysCtlDeepSleepPowerSet), (12 bytes).
    Removing sysctl.o(i.SysCtlFlashSectorSizeGet), (52 bytes).
    Removing sysctl.o(i.SysCtlFlashSizeGet), (56 bytes).
    Removing sysctl.o(i.SysCtlGPIOAHBDisable), (24 bytes).
    Removing sysctl.o(i.SysCtlGPIOAHBEnable), (24 bytes).
    Removing sysctl.o(i.SysCtlIntClear), (12 bytes).
    Removing sysctl.o(i.SysCtlIntDisable), (16 bytes).
    Removing sysctl.o(i.SysCtlIntEnable), (16 bytes).
    Removing sysctl.o(i.SysCtlIntRegister), (20 bytes).
    Removing sysctl.o(i.SysCtlIntStatus), (20 bytes).
    Removing sysctl.o(i.SysCtlIntUnregister), (16 bytes).
    Removing sysctl.o(i.SysCtlLDODeepSleepGet), (12 bytes).
    Removing sysctl.o(i.SysCtlLDODeepSleepSet), (12 bytes).
    Removing sysctl.o(i.SysCtlLDOSleepGet), (12 bytes).
    Removing sysctl.o(i.SysCtlLDOSleepSet), (12 bytes).
    Removing sysctl.o(i.SysCtlMOSCConfigSet), (12 bytes).
    Removing sysctl.o(i.SysCtlNMIClear), (16 bytes).
    Removing sysctl.o(i.SysCtlNMIStatus), (12 bytes).
    Removing sysctl.o(i.SysCtlPIOSCCalibrate), (92 bytes).
    Removing sysctl.o(i.SysCtlPWMClockGet), (28 bytes).
    Removing sysctl.o(i.SysCtlPWMClockSet), (20 bytes).
    Removing sysctl.o(i.SysCtlPeripheralClockGating), (96 bytes).
    Removing sysctl.o(i.SysCtlPeripheralDeepSleepDisable), (52 bytes).
    Removing sysctl.o(i.SysCtlPeripheralDeepSleepEnable), (52 bytes).
    Removing sysctl.o(i.SysCtlPeripheralDisable), (52 bytes).
    Removing sysctl.o(i.SysCtlPeripheralPowerOff), (52 bytes).
    Removing sysctl.o(i.SysCtlPeripheralPowerOn), (52 bytes).
    Removing sysctl.o(i.SysCtlPeripheralPresent), (56 bytes).
    Removing sysctl.o(i.SysCtlPeripheralReady), (56 bytes).
    Removing sysctl.o(i.SysCtlPeripheralReset), (112 bytes).
    Removing sysctl.o(i.SysCtlPeripheralSleepDisable), (52 bytes).
    Removing sysctl.o(i.SysCtlPeripheralSleepEnable), (52 bytes).
    Removing sysctl.o(i.SysCtlReset), (20 bytes).
    Removing sysctl.o(i.SysCtlResetBehaviorGet), (12 bytes).
    Removing sysctl.o(i.SysCtlResetBehaviorSet), (12 bytes).
    Removing sysctl.o(i.SysCtlResetCauseClear), (16 bytes).
    Removing sysctl.o(i.SysCtlResetCauseGet), (12 bytes).
    Removing sysctl.o(i.SysCtlSRAMSizeGet), (16 bytes).
    Removing sysctl.o(i.SysCtlSleep), (8 bytes).
    Removing sysctl.o(i.SysCtlSleepPowerSet), (12 bytes).
    Removing sysctl.o(i.SysCtlUSBPLLDisable), (20 bytes).
    Removing sysctl.o(i.SysCtlUSBPLLEnable), (20 bytes).
    Removing sysctl.o(i.SysCtlVCOGet), (148 bytes).
    Removing sysctl.o(i.SysCtlVoltageEventClear), (16 bytes).
    Removing sysctl.o(i.SysCtlVoltageEventConfig), (12 bytes).
    Removing sysctl.o(i.SysCtlVoltageEventStatus), (12 bytes).
    Removing sysctl.o(i._SysCtlFrequencyGet), (100 bytes).
    Removing sysctl.o(i._SysCtlMemTimingGet), (40 bytes).
    Removing sysexc.o(i.SysExcIntClear), (12 bytes).
    Removing sysexc.o(i.SysExcIntDisable), (16 bytes).
    Removing sysexc.o(i.SysExcIntEnable), (16 bytes).
    Removing sysexc.o(i.SysExcIntRegister), (26 bytes).
    Removing sysexc.o(i.SysExcIntStatus), (20 bytes).
    Removing sysexc.o(i.SysExcIntUnregister), (22 bytes).
    Removing sysexc.o(i._SysExcIntNumberGet), (56 bytes).
    Removing systick.o(i.SysTickDisable), (18 bytes).
    Removing systick.o(i.SysTickEnable), (18 bytes).
    Removing systick.o(i.SysTickIntDisable), (18 bytes).
    Removing systick.o(i.SysTickIntEnable), (18 bytes).
    Removing systick.o(i.SysTickIntRegister), (30 bytes).
    Removing systick.o(i.SysTickIntUnregister), (26 bytes).
    Removing systick.o(i.SysTickPeriodGet), (10 bytes).
    Removing systick.o(i.SysTickPeriodSet), (10 bytes).
    Removing systick.o(i.SysTickValueGet), (8 bytes).
    Removing timer.o(i.TimerADCEventGet), (6 bytes).
    Removing timer.o(i.TimerADCEventSet), (4 bytes).
    Removing timer.o(i.TimerClockSourceGet), (8 bytes).
    Removing timer.o(i.TimerClockSourceSet), (6 bytes).
    Removing timer.o(i.TimerConfigure), (96 bytes).
    Removing timer.o(i.TimerControlEvent), (22 bytes).
    Removing timer.o(i.TimerControlLevel), (22 bytes).
    Removing timer.o(i.TimerControlStall), (22 bytes).
    Removing timer.o(i.TimerControlTrigger), (72 bytes).
    Removing timer.o(i.TimerControlWaitOnTrigger), (52 bytes).
    Removing timer.o(i.TimerDMAEventGet), (6 bytes).
    Removing timer.o(i.TimerDMAEventSet), (4 bytes).
    Removing timer.o(i.TimerDisable), (14 bytes).
    Removing timer.o(i.TimerEnable), (14 bytes).
    Removing timer.o(i.TimerIntClear), (4 bytes).
    Removing timer.o(i.TimerIntDisable), (8 bytes).
    Removing timer.o(i.TimerIntEnable), (8 bytes).
    Removing timer.o(i.TimerIntRegister), (38 bytes).
    Removing timer.o(i.TimerIntStatus), (12 bytes).
    Removing timer.o(i.TimerIntUnregister), (30 bytes).
    Removing timer.o(i.TimerLoadGet), (14 bytes).
    Removing timer.o(i.TimerLoadGet64), (26 bytes).
    Removing timer.o(i.TimerLoadSet), (16 bytes).
    Removing timer.o(i.TimerLoadSet64), (6 bytes).
    Removing timer.o(i.TimerMatchGet), (14 bytes).
    Removing timer.o(i.TimerMatchGet64), (26 bytes).
    Removing timer.o(i.TimerMatchSet), (16 bytes).
    Removing timer.o(i.TimerMatchSet64), (6 bytes).
    Removing timer.o(i.TimerPrescaleGet), (14 bytes).
    Removing timer.o(i.TimerPrescaleMatchGet), (14 bytes).
    Removing timer.o(i.TimerPrescaleMatchSet), (16 bytes).
    Removing timer.o(i.TimerPrescaleSet), (16 bytes).
    Removing timer.o(i.TimerRTCDisable), (10 bytes).
    Removing timer.o(i.TimerRTCEnable), (10 bytes).
    Removing timer.o(i.TimerSynchronize), (4 bytes).
    Removing timer.o(i.TimerUpdateMode), (42 bytes).
    Removing timer.o(i.TimerValueGet), (14 bytes).
    Removing timer.o(i.TimerValueGet64), (26 bytes).
    Removing timer.o(i._TimerIntNumberGet), (88 bytes).
    Removing timer.o(.constdata), (160 bytes).
    Removing uart.o(i.UART9BitAddrSend), (44 bytes).
    Removing uart.o(i.UART9BitAddrSet), (10 bytes).
    Removing uart.o(i.UART9BitDisable), (14 bytes).
    Removing uart.o(i.UART9BitEnable), (14 bytes).
    Removing uart.o(i.UARTBreakCtl), (20 bytes).
    Removing uart.o(i.UARTBusy), (10 bytes).
    Removing uart.o(i.UARTCharGetNonBlocking), (20 bytes).
    Removing uart.o(i.UARTCharPutNonBlocking), (20 bytes).
    Removing uart.o(i.UARTClockSourceGet), (8 bytes).
    Removing uart.o(i.UARTClockSourceSet), (6 bytes).
    Removing uart.o(i.UARTConfigGetExpClk), (44 bytes).
    Removing uart.o(i.UARTDMADisable), (8 bytes).
    Removing uart.o(i.UARTDMAEnable), (8 bytes).
    Removing uart.o(i.UARTDisableSIR), (10 bytes).
    Removing uart.o(i.UARTEnableSIR), (22 bytes).
    Removing uart.o(i.UARTFIFODisable), (10 bytes).
    Removing uart.o(i.UARTFIFOEnable), (10 bytes).
    Removing uart.o(i.UARTFIFOLevelGet), (18 bytes).
    Removing uart.o(i.UARTFIFOLevelSet), (8 bytes).
    Removing uart.o(i.UARTFlowControlGet), (10 bytes).
    Removing uart.o(i.UARTFlowControlSet), (12 bytes).
    Removing uart.o(i.UARTIntDisable), (8 bytes).
    Removing uart.o(i.UARTIntRegister), (30 bytes).
    Removing uart.o(i.UARTIntUnregister), (26 bytes).
    Removing uart.o(i.UARTLoopbackEnable), (10 bytes).
    Removing uart.o(i.UARTModemControlClear), (12 bytes).
    Removing uart.o(i.UARTModemControlGet), (10 bytes).
    Removing uart.o(i.UARTModemControlSet), (12 bytes).
    Removing uart.o(i.UARTModemStatusGet), (12 bytes).
    Removing uart.o(i.UARTParityModeGet), (10 bytes).
    Removing uart.o(i.UARTParityModeSet), (12 bytes).
    Removing uart.o(i.UARTRxErrorClear), (6 bytes).
    Removing uart.o(i.UARTRxErrorGet), (10 bytes).
    Removing uart.o(i.UARTSmartCardDisable), (10 bytes).
    Removing uart.o(i.UARTSmartCardEnable), (22 bytes).
    Removing uart.o(i.UARTSpaceAvail), (12 bytes).
    Removing uart.o(i.UARTTxIntModeGet), (10 bytes).
    Removing uart.o(i.UARTTxIntModeSet), (12 bytes).
    Removing uart.o(i._UARTIntNumberGet), (76 bytes).
    Removing uart.o(.constdata), (128 bytes).
    Removing udma.o(i.uDMAChannelAssign), (40 bytes).
    Removing udma.o(i.uDMAChannelAttributeDisable), (68 bytes).
    Removing udma.o(i.uDMAChannelAttributeEnable), (68 bytes).
    Removing udma.o(i.uDMAChannelAttributeGet), (80 bytes).
    Removing udma.o(i.uDMAChannelControlSet), (40 bytes).
    Removing udma.o(i.uDMAChannelDisable), (20 bytes).
    Removing udma.o(i.uDMAChannelEnable), (20 bytes).
    Removing udma.o(i.uDMAChannelIsEnabled), (32 bytes).
    Removing udma.o(i.uDMAChannelModeGet), (48 bytes).
    Removing udma.o(i.uDMAChannelRequest), (20 bytes).
    Removing udma.o(i.uDMAChannelScatterGatherSet), (92 bytes).
    Removing udma.o(i.uDMAChannelSelectDefault), (16 bytes).
    Removing udma.o(i.uDMAChannelSelectSecondary), (16 bytes).
    Removing udma.o(i.uDMAChannelSizeGet), (44 bytes).
    Removing udma.o(i.uDMAChannelTransferSet), (176 bytes).
    Removing udma.o(i.uDMAControlAlternateBaseGet), (12 bytes).
    Removing udma.o(i.uDMAControlBaseGet), (12 bytes).
    Removing udma.o(i.uDMAControlBaseSet), (12 bytes).
    Removing udma.o(i.uDMADisable), (12 bytes).
    Removing udma.o(i.uDMAEnable), (12 bytes).
    Removing udma.o(i.uDMAErrorStatusClear), (12 bytes).
    Removing udma.o(i.uDMAErrorStatusGet), (12 bytes).
    Removing udma.o(i.uDMAIntClear), (12 bytes).
    Removing udma.o(i.uDMAIntRegister), (22 bytes).
    Removing udma.o(i.uDMAIntStatus), (12 bytes).
    Removing udma.o(i.uDMAIntUnregister), (18 bytes).
    Removing usb.o(i.USBClockDisable), (8 bytes).
    Removing usb.o(i.USBClockEnable), (10 bytes).
    Removing usb.o(i.USBControllerVersion), (12 bytes).
    Removing usb.o(i.USBDMAChannelAddressGet), (12 bytes).
    Removing usb.o(i.USBDMAChannelAddressSet), (12 bytes).
    Removing usb.o(i.USBDMAChannelConfigSet), (26 bytes).
    Removing usb.o(i.USBDMAChannelCountGet), (12 bytes).
    Removing usb.o(i.USBDMAChannelCountSet), (12 bytes).
    Removing usb.o(i.USBDMAChannelDisable), (24 bytes).
    Removing usb.o(i.USBDMAChannelEnable), (24 bytes).
    Removing usb.o(i.USBDMAChannelIntDisable), (24 bytes).
    Removing usb.o(i.USBDMAChannelIntEnable), (24 bytes).
    Removing usb.o(i.USBDMAChannelIntStatus), (8 bytes).
    Removing usb.o(i.USBDMAChannelStatus), (16 bytes).
    Removing usb.o(i.USBDMAChannelStatusClear), (26 bytes).
    Removing usb.o(i.USBDMANumChannels), (10 bytes).
    Removing usb.o(i.USBDevAddrGet), (6 bytes).
    Removing usb.o(i.USBDevAddrSet), (4 bytes).
    Removing usb.o(i.USBDevConnect), (10 bytes).
    Removing usb.o(i.USBDevDisconnect), (10 bytes).
    Removing usb.o(i.USBDevEndpointConfigGet), (200 bytes).
    Removing usb.o(i.USBDevEndpointConfigSet), (174 bytes).
    Removing usb.o(i.USBDevEndpointDataAck), (44 bytes).
    Removing usb.o(i.USBDevEndpointStall), (68 bytes).
    Removing usb.o(i.USBDevEndpointStallClear), (92 bytes).
    Removing usb.o(i.USBDevEndpointStatusClear), (112 bytes).
    Removing usb.o(i.USBDevLPMConfig), (6 bytes).
    Removing usb.o(i.USBDevLPMDisable), (14 bytes).
    Removing usb.o(i.USBDevLPMEnable), (14 bytes).
    Removing usb.o(i.USBDevLPMRemoteWake), (14 bytes).
    Removing usb.o(i.USBDevMode), (8 bytes).
    Removing usb.o(i.USBDevSpeedGet), (18 bytes).
    Removing usb.o(i.USBEndpointDMAChannel), (34 bytes).
    Removing usb.o(i.USBEndpointDMAConfigSet), (112 bytes).
    Removing usb.o(i.USBEndpointDMADisable), (60 bytes).
    Removing usb.o(i.USBEndpointDMAEnable), (60 bytes).
    Removing usb.o(i.USBEndpointDataAvail), (34 bytes).
    Removing usb.o(i.USBEndpointDataGet), (82 bytes).
    Removing usb.o(i.USBEndpointDataPut), (54 bytes).
    Removing usb.o(i.USBEndpointDataSend), (58 bytes).
    Removing usb.o(i.USBEndpointDataToggleClear), (52 bytes).
    Removing usb.o(i.USBEndpointPacketCountSet), (18 bytes).
    Removing usb.o(i.USBEndpointStatus), (28 bytes).
    Removing usb.o(i.USBFIFOAddrGet), (12 bytes).
    Removing usb.o(i.USBFIFOConfigGet), (88 bytes).
    Removing usb.o(i.USBFIFOConfigSet), (92 bytes).
    Removing usb.o(i.USBFIFOFlush), (96 bytes).
    Removing usb.o(i.USBFrameNumberGet), (6 bytes).
    Removing usb.o(i.USBHighSpeed), (22 bytes).
    Removing usb.o(i.USBHostAddrGet), (32 bytes).
    Removing usb.o(i.USBHostAddrSet), (32 bytes).
    Removing usb.o(i.USBHostEndpointConfig), (298 bytes).
    Removing usb.o(i.USBHostEndpointDataAck), (40 bytes).
    Removing usb.o(i.USBHostEndpointDataToggle), (114 bytes).
    Removing usb.o(i.USBHostEndpointPing), (44 bytes).
    Removing usb.o(i.USBHostEndpointSpeed), (124 bytes).
    Removing usb.o(i.USBHostEndpointStatusClear), (56 bytes).
    Removing usb.o(i.USBHostHubAddrGet), (32 bytes).
    Removing usb.o(i.USBHostHubAddrSet), (68 bytes).
    Removing usb.o(i.USBHostLPMConfig), (22 bytes).
    Removing usb.o(i.USBHostLPMResume), (14 bytes).
    Removing usb.o(i.USBHostLPMSend), (36 bytes).
    Removing usb.o(i.USBHostMode), (8 bytes).
    Removing usb.o(i.USBHostPwrConfig), (24 bytes).
    Removing usb.o(i.USBHostPwrDisable), (14 bytes).
    Removing usb.o(i.USBHostPwrEnable), (14 bytes).
    Removing usb.o(i.USBHostPwrFaultDisable), (14 bytes).
    Removing usb.o(i.USBHostPwrFaultEnable), (14 bytes).
    Removing usb.o(i.USBHostRequestIN), (20 bytes).
    Removing usb.o(i.USBHostRequestINClear), (24 bytes).
    Removing usb.o(i.USBHostRequestStatus), (8 bytes).
    Removing usb.o(i.USBHostReset), (22 bytes).
    Removing usb.o(i.USBHostResume), (22 bytes).
    Removing usb.o(i.USBHostSpeedGet), (48 bytes).
    Removing usb.o(i.USBHostSuspend), (10 bytes).
    Removing usb.o(i.USBIntDisableControl), (40 bytes).
    Removing usb.o(i.USBIntDisableEndpoint), (20 bytes).
    Removing usb.o(i.USBIntEnableControl), (40 bytes).
    Removing usb.o(i.USBIntEnableEndpoint), (22 bytes).
    Removing usb.o(i.USBIntRegister), (30 bytes).
    Removing usb.o(i.USBIntStatusControl), (64 bytes).
    Removing usb.o(i.USBIntStatusEndpoint), (12 bytes).
    Removing usb.o(i.USBIntUnregister), (26 bytes).
    Removing usb.o(i.USBLPMEndpointGet), (12 bytes).
    Removing usb.o(i.USBLPMIntDisable), (12 bytes).
    Removing usb.o(i.USBLPMIntEnable), (12 bytes).
    Removing usb.o(i.USBLPMIntStatus), (8 bytes).
    Removing usb.o(i.USBLPMLinkStateGet), (12 bytes).
    Removing usb.o(i.USBLPMRemoteWakeEnabled), (20 bytes).
    Removing usb.o(i.USBModeConfig), (6 bytes).
    Removing usb.o(i.USBModeGet), (12 bytes).
    Removing usb.o(i.USBNumEndpointsGet), (12 bytes).
    Removing usb.o(i.USBOTGMode), (8 bytes).
    Removing usb.o(i.USBOTGSessionRequest), (30 bytes).
    Removing usb.o(i.USBPHYPowerOff), (10 bytes).
    Removing usb.o(i.USBPHYPowerOn), (10 bytes).
    Removing usb.o(i.USBULPIConfig), (6 bytes).
    Removing usb.o(i.USBULPIDisable), (14 bytes).
    Removing usb.o(i.USBULPIEnable), (14 bytes).
    Removing usb.o(i.USBULPIRegRead), (38 bytes).
    Removing usb.o(i.USBULPIRegWrite), (34 bytes).
    Removing usb.o(i._USBIndexRead), (22 bytes).
    Removing usb.o(i._USBIndexWrite), (22 bytes).
    Removing usb.o(i._USBIntNumberGet), (60 bytes).
    Removing watchdog.o(i.WatchdogEnable), (10 bytes).
    Removing watchdog.o(i.WatchdogIntClear), (6 bytes).
    Removing watchdog.o(i.WatchdogIntEnable), (10 bytes).
    Removing watchdog.o(i.WatchdogIntRegister), (22 bytes).
    Removing watchdog.o(i.WatchdogIntStatus), (12 bytes).
    Removing watchdog.o(i.WatchdogIntTypeSet), (12 bytes).
    Removing watchdog.o(i.WatchdogIntUnregister), (18 bytes).
    Removing watchdog.o(i.WatchdogLock), (8 bytes).
    Removing watchdog.o(i.WatchdogLockState), (16 bytes).
    Removing watchdog.o(i.WatchdogReloadGet), (6 bytes).
    Removing watchdog.o(i.WatchdogReloadSet), (4 bytes).
    Removing watchdog.o(i.WatchdogResetDisable), (10 bytes).
    Removing watchdog.o(i.WatchdogResetEnable), (10 bytes).
    Removing watchdog.o(i.WatchdogRunning), (10 bytes).
    Removing watchdog.o(i.WatchdogStallDisable), (14 bytes).
    Removing watchdog.o(i.WatchdogStallEnable), (14 bytes).
    Removing watchdog.o(i.WatchdogUnlock), (12 bytes).
    Removing watchdog.o(i.WatchdogValueGet), (6 bytes).
    Removing crc16.o(i.crc16_buff), (44 bytes).
    Removing system_tm4c123.o(.rev16_text), (4 bytes).
    Removing system_tm4c123.o(.revsh_text), (4 bytes).
    Removing system_tm4c123.o(.rrx_text), (6 bytes).
    Removing system_tm4c123.o(i.SystemCoreClockUpdate), (196 bytes).
    Removing system_tm4c123.o(i.getOscClk), (244 bytes).
    Removing system_tm4c123.o(.data), (4 bytes).

929 unused section(s) (total 32816 bytes) removed from the image.

==============================================================================

Image Symbol Table

    Local Symbols

    Symbol Name                              Value     Ov Type        Size  Object(Section)

    RESET                                    0x00000000   Section      620  startup_tm4c123.o(RESET)
    ../clib/angel/boardlib.s                 0x00000000   Number         0  boardinit3.o ABSOLUTE
    ../clib/angel/boardlib.s                 0x00000000   Number         0  boardinit1.o ABSOLUTE
    ../clib/angel/boardlib.s                 0x00000000   Number         0  boardinit2.o ABSOLUTE
    ../clib/angel/boardlib.s                 0x00000000   Number         0  boardshut.o ABSOLUTE
    ../clib/angel/handlers.s                 0x00000000   Number         0  __scatter_zi.o ABSOLUTE
    ../clib/angel/handlers.s                 0x00000000   Number         0  __scatter_copy.o ABSOLUTE
    ../clib/angel/kernel.s                   0x00000000   Number         0  rtexit.o ABSOLUTE
    ../clib/angel/kernel.s                   0x00000000   Number         0  __rtentry4.o ABSOLUTE
    ../clib/angel/kernel.s                   0x00000000   Number         0  __rtentry2.o ABSOLUTE
    ../clib/angel/kernel.s                   0x00000000   Number         0  __rtentry.o ABSOLUTE
    ../clib/angel/kernel.s                   0x00000000   Number         0  rtexit2.o ABSOLUTE
    ../clib/angel/rt.s                       0x00000000   Number         0  rt_raise.o ABSOLUTE
    ../clib/angel/scatter.s                  0x00000000   Number         0  __scatter.o ABSOLUTE
    ../clib/angel/startup.s                  0x00000000   Number         0  __main.o ABSOLUTE
    ../clib/angel/sys.s                      0x00000000   Number         0  libspace.o ABSOLUTE
    ../clib/angel/sys.s                      0x00000000   Number         0  sys_stackheap_outer.o ABSOLUTE
    ../clib/angel/sys.s                      0x00000000   Number         0  use_no_semi.o ABSOLUTE
    ../clib/angel/sys.s                      0x00000000   Number         0  indicate_semi.o ABSOLUTE
    ../clib/angel/sysapp.c                   0x00000000   Number         0  sys_wrch.o ABSOLUTE
    ../clib/angel/sysapp.c                   0x00000000   Number         0  sys_command.o ABSOLUTE
    ../clib/angel/sysapp.c                   0x00000000   Number         0  sys_exit.o ABSOLUTE
    ../clib/armsys.c                         0x00000000   Number         0  _get_argv_nomalloc.o ABSOLUTE
    ../clib/armsys.c                         0x00000000   Number         0  argv_veneer.o ABSOLUTE
    ../clib/armsys.c                         0x00000000   Number         0  argv_veneer.o ABSOLUTE
    ../clib/armsys.c                         0x00000000   Number         0  no_argv.o ABSOLUTE
    ../clib/heapalloc.c                      0x00000000   Number         0  hrguard.o ABSOLUTE
    ../clib/heapaux.c                        0x00000000   Number         0  heapauxi.o ABSOLUTE
    ../clib/libinit.s                        0x00000000   Number         0  libinit.o ABSOLUTE
    ../clib/libinit.s                        0x00000000   Number         0  libinit2.o ABSOLUTE
    ../clib/libinit.s                        0x00000000   Number         0  libshutdown.o ABSOLUTE
    ../clib/libinit.s                        0x00000000   Number         0  libshutdown2.o ABSOLUTE
    ../clib/signal.c                         0x00000000   Number         0  defsig_fpe_inner.o ABSOLUTE
    ../clib/signal.c                         0x00000000   Number         0  defsig_abrt_inner.o ABSOLUTE
    ../clib/signal.c                         0x00000000   Number         0  defsig_general.o ABSOLUTE
    ../clib/signal.c                         0x00000000   Number         0  __raise.o ABSOLUTE
    ../clib/signal.c                         0x00000000   Number         0  defsig_exit.o ABSOLUTE
    ../clib/signal.c                         0x00000000   Number         0  defsig_rtmem_formal.o ABSOLUTE
    ../clib/signal.c                         0x00000000   Number         0  defsig_rtmem_outer.o ABSOLUTE
    ../clib/signal.c                         0x00000000   Number         0  defsig_other.o ABSOLUTE
    ../clib/signal.c                         0x00000000   Number         0  defsig_segv_inner.o ABSOLUTE
    ../clib/signal.c                         0x00000000   Number         0  defsig_stak_inner.o ABSOLUTE
    ../clib/signal.c                         0x00000000   Number         0  defsig_cppl_inner.o ABSOLUTE
    ../clib/signal.c                         0x00000000   Number         0  defsig_pvfn_inner.o ABSOLUTE
    ../clib/signal.c                         0x00000000   Number         0  defsig_rtmem_inner.o ABSOLUTE
    ../clib/signal.c                         0x00000000   Number         0  defsig_rtred_inner.o ABSOLUTE
    ../clib/signal.s                         0x00000000   Number         0  defsig.o ABSOLUTE
    ../clib/stdlib.c                         0x00000000   Number         0  exit.o ABSOLUTE
    ../fplib/fpinit.s                        0x00000000   Number         0  fpinit.o ABSOLUTE
    ..\Afproto-master\C\afproto.c            0x00000000   Number         0  afproto.o ABSOLUTE
    ..\Afproto-master\C\crc16.c              0x00000000   Number         0  crc16.o ABSOLUTE
    C:\\ti\\TivaWare_C_Series-2.1.4.178\\driverlib\\cpu.c 0x00000000   Number         0  cpu.o ABSOLUTE
    C:\\ti\\TivaWare_C_Series-2.1.4.178\\driverlib\\sysctl.c 0x00000000   Number         0  sysctl.o ABSOLUTE
    C:\ti\TivaWare_C_Series-2.1.4.178\driverlib\adc.c 0x00000000   Number         0  adc.o ABSOLUTE
    C:\ti\TivaWare_C_Series-2.1.4.178\driverlib\aes.c 0x00000000   Number         0  aes.o ABSOLUTE
    C:\ti\TivaWare_C_Series-2.1.4.178\driverlib\can.c 0x00000000   Number         0  can.o ABSOLUTE
    C:\ti\TivaWare_C_Series-2.1.4.178\driverlib\comp.c 0x00000000   Number         0  comp.o ABSOLUTE
    C:\ti\TivaWare_C_Series-2.1.4.178\driverlib\cpu.c 0x00000000   Number         0  cpu.o ABSOLUTE
    C:\ti\TivaWare_C_Series-2.1.4.178\driverlib\crc.c 0x00000000   Number         0  crc.o ABSOLUTE
    C:\ti\TivaWare_C_Series-2.1.4.178\driverlib\des.c 0x00000000   Number         0  des.o ABSOLUTE
    C:\ti\TivaWare_C_Series-2.1.4.178\driverlib\eeprom.c 0x00000000   Number         0  eeprom.o ABSOLUTE
    C:\ti\TivaWare_C_Series-2.1.4.178\driverlib\emac.c 0x00000000   Number         0  emac.o ABSOLUTE
    C:\ti\TivaWare_C_Series-2.1.4.178\driverlib\epi.c 0x00000000   Number         0  epi.o ABSOLUTE
    C:\ti\TivaWare_C_Series-2.1.4.178\driverlib\flash.c 0x00000000   Number         0  flash.o ABSOLUTE
    C:\ti\TivaWare_C_Series-2.1.4.178\driverlib\fpu.c 0x00000000   Number         0  fpu.o ABSOLUTE
    C:\ti\TivaWare_C_Series-2.1.4.178\driverlib\gpio.c 0x00000000   Number         0  gpio.o ABSOLUTE
    C:\ti\TivaWare_C_Series-2.1.4.178\driverlib\hibernate.c 0x00000000   Number         0  hibernate.o ABSOLUTE
    C:\ti\TivaWare_C_Series-2.1.4.178\driverlib\i2c.c 0x00000000   Number         0  i2c.o ABSOLUTE
    C:\ti\TivaWare_C_Series-2.1.4.178\driverlib\interrupt.c 0x00000000   Number         0  interrupt.o ABSOLUTE
    C:\ti\TivaWare_C_Series-2.1.4.178\driverlib\lcd.c 0x00000000   Number         0  lcd.o ABSOLUTE
    C:\ti\TivaWare_C_Series-2.1.4.178\driverlib\mpu.c 0x00000000   Number         0  mpu.o ABSOLUTE
    C:\ti\TivaWare_C_Series-2.1.4.178\driverlib\onewire.c 0x00000000   Number         0  onewire.o ABSOLUTE
    C:\ti\TivaWare_C_Series-2.1.4.178\driverlib\pwm.c 0x00000000   Number         0  pwm.o ABSOLUTE
    C:\ti\TivaWare_C_Series-2.1.4.178\driverlib\qei.c 0x00000000   Number         0  qei.o ABSOLUTE
    C:\ti\TivaWare_C_Series-2.1.4.178\driverlib\shamd5.c 0x00000000   Number         0  shamd5.o ABSOLUTE
    C:\ti\TivaWare_C_Series-2.1.4.178\driverlib\ssi.c 0x00000000   Number         0  ssi.o ABSOLUTE
    C:\ti\TivaWare_C_Series-2.1.4.178\driverlib\sw_crc.c 0x00000000   Number         0  sw_crc.o ABSOLUTE
    C:\ti\TivaWare_C_Series-2.1.4.178\driverlib\sysctl.c 0x00000000   Number         0  sysctl.o ABSOLUTE
    C:\ti\TivaWare_C_Series-2.1.4.178\driverlib\sysexc.c 0x00000000   Number         0  sysexc.o ABSOLUTE
    C:\ti\TivaWare_C_Series-2.1.4.178\driverlib\systick.c 0x00000000   Number         0  systick.o ABSOLUTE
    C:\ti\TivaWare_C_Series-2.1.4.178\driverlib\timer.c 0x00000000   Number         0  timer.o ABSOLUTE
    C:\ti\TivaWare_C_Series-2.1.4.178\driverlib\uart.c 0x00000000   Number         0  uart.o ABSOLUTE
    C:\ti\TivaWare_C_Series-2.1.4.178\driverlib\udma.c 0x00000000   Number         0  udma.o ABSOLUTE
    C:\ti\TivaWare_C_Series-2.1.4.178\driverlib\usb.c 0x00000000   Number         0  usb.o ABSOLUTE
    C:\ti\TivaWare_C_Series-2.1.4.178\driverlib\watchdog.c 0x00000000   Number         0  watchdog.o ABSOLUTE
    RTE\Device\TM4C123GH6PM\startup_TM4C123.s 0x00000000   Number         0  startup_tm4c123.o ABSOLUTE
    RTE\Device\TM4C123GH6PM\system_TM4C123.c 0x00000000   Number         0  system_tm4c123.o ABSOLUTE
    RTE\\Device\\TM4C123GH6PM\\system_TM4C123.c 0x00000000   Number         0  system_tm4c123.o ABSOLUTE
    dc.s                                     0x00000000   Number         0  dc.o ABSOLUTE
    main_serialsw.c                          0x00000000   Number         0  main_serialsw.o ABSOLUTE
    !!!main                                  0x0000026c   Section        8  __main.o(!!!main)
    !!!scatter                               0x00000274   Section       52  __scatter.o(!!!scatter)
    !!handler_copy                           0x000002a8   Section       26  __scatter_copy.o(!!handler_copy)
    !!handler_zi                             0x000002c4   Section       28  __scatter_zi.o(!!handler_zi)
    .ARM.Collect$$libinit$$00000000          0x000002e0   Section        2  libinit.o(.ARM.Collect$$libinit$$00000000)
    .ARM.Collect$$libinit$$00000001          0x000002e2   Section        4  libinit2.o(.ARM.Collect$$libinit$$00000001)
    .ARM.Collect$$libinit$$00000004          0x000002e6   Section        0  libinit2.o(.ARM.Collect$$libinit$$00000004)
    .ARM.Collect$$libinit$$0000000A          0x000002e6   Section        0  libinit2.o(.ARM.Collect$$libinit$$0000000A)
    .ARM.Collect$$libinit$$0000000C          0x000002e6   Section        0  libinit2.o(.ARM.Collect$$libinit$$0000000C)
    .ARM.Collect$$libinit$$0000000E          0x000002e6   Section        0  libinit2.o(.ARM.Collect$$libinit$$0000000E)
    .ARM.Collect$$libinit$$00000011          0x000002e6   Section        0  libinit2.o(.ARM.Collect$$libinit$$00000011)
    .ARM.Collect$$libinit$$00000013          0x000002e6   Section        0  libinit2.o(.ARM.Collect$$libinit$$00000013)
    .ARM.Collect$$libinit$$00000015          0x000002e6   Section        0  libinit2.o(.ARM.Collect$$libinit$$00000015)
    .ARM.Collect$$libinit$$00000017          0x000002e6   Section        0  libinit2.o(.ARM.Collect$$libinit$$00000017)
    .ARM.Collect$$libinit$$00000019          0x000002e6   Section        0  libinit2.o(.ARM.Collect$$libinit$$00000019)
    .ARM.Collect$$libinit$$0000001B          0x000002e6   Section        0  libinit2.o(.ARM.Collect$$libinit$$0000001B)
    .ARM.Collect$$libinit$$0000001D          0x000002e6   Section        0  libinit2.o(.ARM.Collect$$libinit$$0000001D)
    .ARM.Collect$$libinit$$0000001F          0x000002e6   Section        0  libinit2.o(.ARM.Collect$$libinit$$0000001F)
    .ARM.Collect$$libinit$$00000021          0x000002e6   Section        0  libinit2.o(.ARM.Collect$$libinit$$00000021)
    .ARM.Collect$$libinit$$00000023          0x000002e6   Section        0  libinit2.o(.ARM.Collect$$libinit$$00000023)
    .ARM.Collect$$libinit$$00000025          0x000002e6   Section        0  libinit2.o(.ARM.Collect$$libinit$$00000025)
    .ARM.Collect$$libinit$$0000002C          0x000002e6   Section        0  libinit2.o(.ARM.Collect$$libinit$$0000002C)
    .ARM.Collect$$libinit$$0000002E          0x000002e6   Section        0  libinit2.o(.ARM.Collect$$libinit$$0000002E)
    .ARM.Collect$$libinit$$00000030          0x000002e6   Section        0  libinit2.o(.ARM.Collect$$libinit$$00000030)
    .ARM.Collect$$libinit$$00000032          0x000002e6   Section        0  libinit2.o(.ARM.Collect$$libinit$$00000032)
    .ARM.Collect$$libinit$$00000033          0x000002e6   Section        2  libinit2.o(.ARM.Collect$$libinit$$00000033)
    .ARM.Collect$$libshutdown$$00000000      0x000002e8   Section        2  libshutdown.o(.ARM.Collect$$libshutdown$$00000000)
    .ARM.Collect$$libshutdown$$00000002      0x000002ea   Section        0  libshutdown2.o(.ARM.Collect$$libshutdown$$00000002)
    .ARM.Collect$$libshutdown$$00000004      0x000002ea   Section        0  libshutdown2.o(.ARM.Collect$$libshutdown$$00000004)
    .ARM.Collect$$libshutdown$$00000007      0x000002ea   Section        0  libshutdown2.o(.ARM.Collect$$libshutdown$$00000007)
    .ARM.Collect$$libshutdown$$0000000A      0x000002ea   Section        0  libshutdown2.o(.ARM.Collect$$libshutdown$$0000000A)
    .ARM.Collect$$libshutdown$$0000000C      0x000002ea   Section        0  libshutdown2.o(.ARM.Collect$$libshutdown$$0000000C)
    .ARM.Collect$$libshutdown$$0000000F      0x000002ea   Section        0  libshutdown2.o(.ARM.Collect$$libshutdown$$0000000F)
    .ARM.Collect$$libshutdown$$00000010      0x000002ea   Section        2  libshutdown2.o(.ARM.Collect$$libshutdown$$00000010)
    .ARM.Collect$$rtentry$$00000000          0x000002ec   Section        0  __rtentry.o(.ARM.Collect$$rtentry$$00000000)
    .ARM.Collect$$rtentry$$00000002          0x000002ec   Section        0  __rtentry2.o(.ARM.Collect$$rtentry$$00000002)
    .ARM.Collect$$rtentry$$00000004          0x000002ec   Section        6  __rtentry4.o(.ARM.Collect$$rtentry$$00000004)
    .ARM.Collect$$rtentry$$00000009          0x000002f2   Section        0  __rtentry2.o(.ARM.Collect$$rtentry$$00000009)
    .ARM.Collect$$rtentry$$0000000A          0x000002f2   Section        4  __rtentry2.o(.ARM.Collect$$rtentry$$0000000A)
    .ARM.Collect$$rtentry$$0000000C          0x000002f6   Section        0  __rtentry2.o(.ARM.Collect$$rtentry$$0000000C)
    .ARM.Collect$$rtentry$$0000000D          0x000002f6   Section        8  __rtentry2.o(.ARM.Collect$$rtentry$$0000000D)
    .ARM.Collect$$rtexit$$00000000           0x000002fe   Section        2  rtexit.o(.ARM.Collect$$rtexit$$00000000)
    .ARM.Collect$$rtexit$$00000002           0x00000300   Section        0  rtexit2.o(.ARM.Collect$$rtexit$$00000002)
    .ARM.Collect$$rtexit$$00000003           0x00000300   Section        4  rtexit2.o(.ARM.Collect$$rtexit$$00000003)
    .ARM.Collect$$rtexit$$00000004           0x00000304   Section        6  rtexit2.o(.ARM.Collect$$rtexit$$00000004)
    .emb_text                                0x0000030c   Section       38  cpu.o(.emb_text)
    $v0                                      0x0000030c   Number         0  cpu.o(.emb_text)
    .emb_text                                0x00000334   Section        6  sysctl.o(.emb_text)
    $v0                                      0x00000334   Number         0  sysctl.o(.emb_text)
    .text                                    0x0000033c   Section      276  startup_tm4c123.o(.text)
    $v0                                      0x0000033c   Number         0  startup_tm4c123.o(.text)
    .text                                    0x00000450   Section        0  heapauxi.o(.text)
    .text                                    0x00000456   Section       74  sys_stackheap_outer.o(.text)
    .text                                    0x000004a0   Section        0  exit.o(.text)
    .text                                    0x000004b4   Section        8  libspace.o(.text)
    .text                                    0x000004bc   Section        0  sys_exit.o(.text)
    .text                                    0x000004c8   Section        2  use_no_semi.o(.text)
    .text                                    0x000004ca   Section        0  indicate_semi.o(.text)
    i.ClearRXBuffer                          0x000004cc   Section        0  main_serialsw.o(i.ClearRXBuffer)
    i.ClearRXBuffer_sever                    0x000004f4   Section        0  main_serialsw.o(i.ClearRXBuffer_sever)
    i.GPIODirModeSet                         0x0000050c   Section        0  gpio.o(i.GPIODirModeSet)
    i.GPIOPadConfigSet                       0x0000053e   Section        0  gpio.o(i.GPIOPadConfigSet)
    i.GPIOPinConfigure                       0x00000694   Section        0  gpio.o(i.GPIOPinConfigure)
    i.GPIOPinTypeGPIOOutput                  0x000006e4   Section        0  gpio.o(i.GPIOPinTypeGPIOOutput)
    i.GPIOPinTypeUART                        0x00000702   Section        0  gpio.o(i.GPIOPinTypeUART)
    i.GPIO_Config                            0x00000720   Section        0  main_serialsw.o(i.GPIO_Config)
    i.IntEnable                              0x00000754   Section        0  interrupt.o(i.IntEnable)
    i.IntMasterEnable                        0x000007c8   Section        0  interrupt.o(i.IntMasterEnable)
    i.Port0IntHandler                        0x000007d8   Section        0  main_serialsw.o(i.Port0IntHandler)
    i.Port1IntHandler                        0x000008ac   Section        0  main_serialsw.o(i.Port1IntHandler)
    i.Port2IntHandler                        0x00000980   Section        0  main_serialsw.o(i.Port2IntHandler)
    i.Port3IntHandler                        0x00000a54   Section        0  main_serialsw.o(i.Port3IntHandler)
    i.Port4IntHandler                        0x00000b28   Section        0  main_serialsw.o(i.Port4IntHandler)
    i.Port5IntHandler                        0x00000bfc   Section        0  main_serialsw.o(i.Port5IntHandler)
    i.Port6IntHandler                        0x00000cd0   Section        0  main_serialsw.o(i.Port6IntHandler)
    i.SYSClockSet                            0x00000da4   Section        0  main_serialsw.o(i.SYSClockSet)
    i.SeverIntHandler                        0x00000db4   Section        0  main_serialsw.o(i.SeverIntHandler)
    i.SysCtlClockGet                         0x00000e88   Section        0  sysctl.o(i.SysCtlClockGet)
    i.SysCtlClockSet                         0x00000ff4   Section        0  sysctl.o(i.SysCtlClockSet)
    i.SysCtlPeripheralEnable                 0x00001120   Section        0  sysctl.o(i.SysCtlPeripheralEnable)
    i.SystemInit                             0x00001154   Section        0  system_tm4c123.o(i.SystemInit)
    i.UART0_Config                           0x000011ec   Section        0  main_serialsw.o(i.UART0_Config)
    i.UART1_Config                           0x00001248   Section        0  main_serialsw.o(i.UART1_Config)
    i.UART2_Config                           0x000012a8   Section        0  main_serialsw.o(i.UART2_Config)
    i.UART3_Config                           0x0000134c   Section        0  main_serialsw.o(i.UART3_Config)
    i.UART4_Config                           0x000013b0   Section        0  main_serialsw.o(i.UART4_Config)
    i.UART5_Config                           0x00001414   Section        0  main_serialsw.o(i.UART5_Config)
    i.UART6_Config                           0x00001478   Section        0  main_serialsw.o(i.UART6_Config)
    i.UART7_Config                           0x000014dc   Section        0  main_serialsw.o(i.UART7_Config)
    i.UARTCharGet                            0x00001540   Section        0  uart.o(i.UARTCharGet)
    i.UARTCharPut                            0x00001552   Section        0  uart.o(i.UARTCharPut)
    i.UARTCharsAvail                         0x00001562   Section        0  uart.o(i.UARTCharsAvail)
    i.UARTConfigSetExpClk                    0x0000156e   Section        0  uart.o(i.UARTConfigSetExpClk)
    i.UARTDisable                            0x000015ba   Section        0  uart.o(i.UARTDisable)
    i.UARTEnable                             0x000015da   Section        0  uart.o(i.UARTEnable)
    i.UARTIntClear                           0x000015ee   Section        0  uart.o(i.UARTIntClear)
    i.UARTIntEnable                          0x000015f2   Section        0  uart.o(i.UARTIntEnable)
    i.UARTIntStatus                          0x000015fa   Section        0  uart.o(i.UARTIntStatus)
    i.afproto_frame_data                     0x00001606   Section        0  afproto.o(i.afproto_frame_data)
    i.afproto_get_data                       0x00001698   Section        0  afproto.o(i.afproto_get_data)
    i.channel                                0x00001754   Section        0  main_serialsw.o(i.channel)
    i.crc16_floating                         0x00001794   Section        0  crc16.o(i.crc16_floating)
    i.main                                   0x000017b0   Section        0  main_serialsw.o(i.main)
    i.setup                                  0x00001a98   Section        0  main_serialsw.o(i.setup)
    x$fpl$fpinit                             0x00001ac4   Section       10  fpinit.o(x$fpl$fpinit)
    $v0                                      0x00001ac4   Number         0  fpinit.o(x$fpl$fpinit)
    .constdata                               0x00001ad0   Section      552  gpio.o(.constdata)
    g_ppui32GPIOIntMapBlizzard               0x00001ad0   Data         192  gpio.o(.constdata)
    g_ppui32GPIOIntMapSnowflake              0x00001b90   Data         216  gpio.o(.constdata)
    g_pui32GPIOBaseAddrs                     0x00001c68   Data         144  gpio.o(.constdata)
    .constdata                               0x00001cf8   Section      268  interrupt.o(.constdata)
    g_pui32Priority                          0x00001cf8   Data          32  interrupt.o(.constdata)
    g_pui32Regs                              0x00001d18   Data         156  interrupt.o(.constdata)
    g_pui32EnRegs                            0x00001db4   Data          20  interrupt.o(.constdata)
    g_pui32Dii16Regs                         0x00001dc8   Data          20  interrupt.o(.constdata)
    g_pui32PendRegs                          0x00001ddc   Data          20  interrupt.o(.constdata)
    g_pui32UnpendRegs                        0x00001df0   Data          20  interrupt.o(.constdata)
    .constdata                               0x00001e04   Section      596  sysctl.o(.constdata)
    g_pui32Xtals                             0x00001e04   Data         108  sysctl.o(.constdata)
    g_pppui32XTALtoVCO                       0x00001e70   Data         432  sysctl.o(.constdata)
    g_sXTALtoMEMTIM                          0x00002020   Data          48  sysctl.o(.constdata)
    g_pui32VCOFrequencies                    0x00002050   Data           8  sysctl.o(.constdata)
    .constdata                               0x00002058   Section      512  crc16.o(.constdata)
    crc16tab                                 0x00002058   Data         512  crc16.o(.constdata)
    .data                                    0x20000000   Section       68  main_serialsw.o(.data)
    .bss                                     0x20000044   Section     2956  main_serialsw.o(.bss)
    .bss                                     0x20000bd0   Section       96  libspace.o(.bss)
    HEAP                                     0x20000c30   Section        0  startup_tm4c123.o(HEAP)
    STACK                                    0x20000c30   Section      512  startup_tm4c123.o(STACK)
    Heap_Mem                                 0x20000c30   Data           0  startup_tm4c123.o(HEAP)
    Stack_Mem                                0x20000c30   Data         512  startup_tm4c123.o(STACK)
    __initial_sp                             0x20000e30   Data           0  startup_tm4c123.o(STACK)

    Global Symbols

    Symbol Name                              Value     Ov Type        Size  Object(Section)

    BuildAttributes$$THM_ISAv4$E$P$D$K$B$S$7EM$VFPi3$EXTD16$VFPS$VFMA$PE$A:L22UL41UL21$X:L11$S22US41US21$IEEE1$IW$USESV6$~STKCKD$USESV7$~SHL$OSPACE$ROPI$EBA8$UX$STANDARDLIB$REQ8$PRES8$EABIv2 0x00000000   Number         0  anon$$obj.o ABSOLUTE
    __ARM_use_no_argv                        0x00000000   Number         0  main_serialsw.o ABSOLUTE
    __Vectors                                0x00000000   Data           4  startup_tm4c123.o(RESET)
    __ARM_exceptions_init                     - Undefined Weak Reference
    __alloca_initialize                       - Undefined Weak Reference
    __arm_preinit_                            - Undefined Weak Reference
    __cpp_initialize__aeabi_                  - Undefined Weak Reference
    __cxa_finalize                            - Undefined Weak Reference
    __rt_locale                               - Undefined Weak Reference
    __sigvec_lookup                           - Undefined Weak Reference
    _atexit_init                              - Undefined Weak Reference
    _call_atexit_fns                          - Undefined Weak Reference
    _clock_init                               - Undefined Weak Reference
    _fp_trap_init                             - Undefined Weak Reference
    _fp_trap_shutdown                         - Undefined Weak Reference
    _get_lc_collate                           - Undefined Weak Reference
    _get_lc_ctype                             - Undefined Weak Reference
    _get_lc_monetary                          - Undefined Weak Reference
    _get_lc_numeric                           - Undefined Weak Reference
    _get_lc_time                              - Undefined Weak Reference
    _getenv_init                              - Undefined Weak Reference
    _handle_redirection                       - Undefined Weak Reference
    _init_alloc                               - Undefined Weak Reference
    _init_user_alloc                          - Undefined Weak Reference
    _initio                                   - Undefined Weak Reference
    _rand_init                                - Undefined Weak Reference
    _signal_finish                            - Undefined Weak Reference
    _signal_init                              - Undefined Weak Reference
    _terminate_alloc                          - Undefined Weak Reference
    _terminate_user_alloc                     - Undefined Weak Reference
    _terminateio                              - Undefined Weak Reference
    __Vectors_End                            0x0000026c   Data           0  startup_tm4c123.o(RESET)
    __Vectors_Size                           0x0000026c   Number         0  startup_tm4c123.o ABSOLUTE
    __main                                   0x0000026d   Thumb Code     8  __main.o(!!!main)
    __scatterload                            0x00000275   Thumb Code     0  __scatter.o(!!!scatter)
    __scatterload_rt2                        0x00000275   Thumb Code    44  __scatter.o(!!!scatter)
    __scatterload_rt2_thumb_only             0x00000275   Thumb Code     0  __scatter.o(!!!scatter)
    __scatterload_null                       0x00000283   Thumb Code     0  __scatter.o(!!!scatter)
    __scatterload_copy                       0x000002a9   Thumb Code    26  __scatter_copy.o(!!handler_copy)
    __scatterload_zeroinit                   0x000002c5   Thumb Code    28  __scatter_zi.o(!!handler_zi)
    __rt_lib_init                            0x000002e1   Thumb Code     0  libinit.o(.ARM.Collect$$libinit$$00000000)
    __rt_lib_init_fp_1                       0x000002e3   Thumb Code     0  libinit2.o(.ARM.Collect$$libinit$$00000001)
    __rt_lib_init_alloca_1                   0x000002e7   Thumb Code     0  libinit2.o(.ARM.Collect$$libinit$$0000002E)
    __rt_lib_init_argv_1                     0x000002e7   Thumb Code     0  libinit2.o(.ARM.Collect$$libinit$$0000002C)
    __rt_lib_init_atexit_1                   0x000002e7   Thumb Code     0  libinit2.o(.ARM.Collect$$libinit$$0000001B)
    __rt_lib_init_clock_1                    0x000002e7   Thumb Code     0  libinit2.o(.ARM.Collect$$libinit$$00000021)
    __rt_lib_init_cpp_1                      0x000002e7   Thumb Code     0  libinit2.o(.ARM.Collect$$libinit$$00000032)
    __rt_lib_init_exceptions_1               0x000002e7   Thumb Code     0  libinit2.o(.ARM.Collect$$libinit$$00000030)
    __rt_lib_init_fp_trap_1                  0x000002e7   Thumb Code     0  libinit2.o(.ARM.Collect$$libinit$$0000001F)
    __rt_lib_init_getenv_1                   0x000002e7   Thumb Code     0  libinit2.o(.ARM.Collect$$libinit$$00000023)
    __rt_lib_init_heap_1                     0x000002e7   Thumb Code     0  libinit2.o(.ARM.Collect$$libinit$$0000000A)
    __rt_lib_init_lc_collate_1               0x000002e7   Thumb Code     0  libinit2.o(.ARM.Collect$$libinit$$00000011)
    __rt_lib_init_lc_ctype_1                 0x000002e7   Thumb Code     0  libinit2.o(.ARM.Collect$$libinit$$00000013)
    __rt_lib_init_lc_monetary_1              0x000002e7   Thumb Code     0  libinit2.o(.ARM.Collect$$libinit$$00000015)
    __rt_lib_init_lc_numeric_1               0x000002e7   Thumb Code     0  libinit2.o(.ARM.Collect$$libinit$$00000017)
    __rt_lib_init_lc_time_1                  0x000002e7   Thumb Code     0  libinit2.o(.ARM.Collect$$libinit$$00000019)
    __rt_lib_init_preinit_1                  0x000002e7   Thumb Code     0  libinit2.o(.ARM.Collect$$libinit$$00000004)
    __rt_lib_init_rand_1                     0x000002e7   Thumb Code     0  libinit2.o(.ARM.Collect$$libinit$$0000000E)
    __rt_lib_init_return                     0x000002e7   Thumb Code     0  libinit2.o(.ARM.Collect$$libinit$$00000033)
    __rt_lib_init_signal_1                   0x000002e7   Thumb Code     0  libinit2.o(.ARM.Collect$$libinit$$0000001D)
    __rt_lib_init_stdio_1                    0x000002e7   Thumb Code     0  libinit2.o(.ARM.Collect$$libinit$$00000025)
    __rt_lib_init_user_alloc_1               0x000002e7   Thumb Code     0  libinit2.o(.ARM.Collect$$libinit$$0000000C)
    __rt_lib_shutdown                        0x000002e9   Thumb Code     0  libshutdown.o(.ARM.Collect$$libshutdown$$00000000)
    __rt_lib_shutdown_cpp_1                  0x000002eb   Thumb Code     0  libshutdown2.o(.ARM.Collect$$libshutdown$$00000002)
    __rt_lib_shutdown_fp_trap_1              0x000002eb   Thumb Code     0  libshutdown2.o(.ARM.Collect$$libshutdown$$00000007)
    __rt_lib_shutdown_heap_1                 0x000002eb   Thumb Code     0  libshutdown2.o(.ARM.Collect$$libshutdown$$0000000F)
    __rt_lib_shutdown_return                 0x000002eb   Thumb Code     0  libshutdown2.o(.ARM.Collect$$libshutdown$$00000010)
    __rt_lib_shutdown_signal_1               0x000002eb   Thumb Code     0  libshutdown2.o(.ARM.Collect$$libshutdown$$0000000A)
    __rt_lib_shutdown_stdio_1                0x000002eb   Thumb Code     0  libshutdown2.o(.ARM.Collect$$libshutdown$$00000004)
    __rt_lib_shutdown_user_alloc_1           0x000002eb   Thumb Code     0  libshutdown2.o(.ARM.Collect$$libshutdown$$0000000C)
    __rt_entry                               0x000002ed   Thumb Code     0  __rtentry.o(.ARM.Collect$$rtentry$$00000000)
    __rt_entry_presh_1                       0x000002ed   Thumb Code     0  __rtentry2.o(.ARM.Collect$$rtentry$$00000002)
    __rt_entry_sh                            0x000002ed   Thumb Code     0  __rtentry4.o(.ARM.Collect$$rtentry$$00000004)
    __rt_entry_li                            0x000002f3   Thumb Code     0  __rtentry2.o(.ARM.Collect$$rtentry$$0000000A)
    __rt_entry_postsh_1                      0x000002f3   Thumb Code     0  __rtentry2.o(.ARM.Collect$$rtentry$$00000009)
    __rt_entry_main                          0x000002f7   Thumb Code     0  __rtentry2.o(.ARM.Collect$$rtentry$$0000000D)
    __rt_entry_postli_1                      0x000002f7   Thumb Code     0  __rtentry2.o(.ARM.Collect$$rtentry$$0000000C)
    __rt_exit                                0x000002ff   Thumb Code     0  rtexit.o(.ARM.Collect$$rtexit$$00000000)
    __rt_exit_ls                             0x00000301   Thumb Code     0  rtexit2.o(.ARM.Collect$$rtexit$$00000003)
    __rt_exit_prels_1                        0x00000301   Thumb Code     0  rtexit2.o(.ARM.Collect$$rtexit$$00000002)
    __rt_exit_exit                           0x00000305   Thumb Code     0  rtexit2.o(.ARM.Collect$$rtexit$$00000004)
    CPUcpsid                                 0x0000030d   Thumb Code     8  cpu.o(.emb_text)
    CPUprimask                               0x00000315   Thumb Code     6  cpu.o(.emb_text)
    CPUcpsie                                 0x0000031b   Thumb Code     8  cpu.o(.emb_text)
    CPUwfi                                   0x00000323   Thumb Code     4  cpu.o(.emb_text)
    CPUbasepriSet                            0x00000327   Thumb Code     6  cpu.o(.emb_text)
    CPUbasepriGet                            0x0000032d   Thumb Code     6  cpu.o(.emb_text)
    SysCtlDelay                              0x00000335   Thumb Code     6  sysctl.o(.emb_text)
    Reset_Handler                            0x0000033d   Thumb Code     8  startup_tm4c123.o(.text)
    NMI_Handler                              0x00000345   Thumb Code     2  startup_tm4c123.o(.text)
    HardFault_Handler                        0x00000347   Thumb Code     2  startup_tm4c123.o(.text)
    MemManage_Handler                        0x00000349   Thumb Code     2  startup_tm4c123.o(.text)
    BusFault_Handler                         0x0000034b   Thumb Code     2  startup_tm4c123.o(.text)
    UsageFault_Handler                       0x0000034d   Thumb Code     2  startup_tm4c123.o(.text)
    SVC_Handler                              0x0000034f   Thumb Code     2  startup_tm4c123.o(.text)
    DebugMon_Handler                         0x00000351   Thumb Code     2  startup_tm4c123.o(.text)
    PendSV_Handler                           0x00000353   Thumb Code     2  startup_tm4c123.o(.text)
    SysTick_Handler                          0x00000355   Thumb Code     2  startup_tm4c123.o(.text)
    GPIOA_Handler                            0x00000357   Thumb Code     2  startup_tm4c123.o(.text)
    GPIOB_Handler                            0x00000359   Thumb Code     2  startup_tm4c123.o(.text)
    GPIOC_Handler                            0x0000035b   Thumb Code     2  startup_tm4c123.o(.text)
    GPIOD_Handler                            0x0000035d   Thumb Code     2  startup_tm4c123.o(.text)
    GPIOE_Handler                            0x0000035f   Thumb Code     2  startup_tm4c123.o(.text)
    UART0_Handler                            0x00000361   Thumb Code     2  startup_tm4c123.o(.text)
    UART1_Handler                            0x00000363   Thumb Code     2  startup_tm4c123.o(.text)
    SSI0_Handler                             0x00000365   Thumb Code     2  startup_tm4c123.o(.text)
    I2C0_Handler                             0x00000367   Thumb Code     2  startup_tm4c123.o(.text)
    PMW0_FAULT_Handler                       0x00000369   Thumb Code     2  startup_tm4c123.o(.text)
    PWM0_0_Handler                           0x0000036b   Thumb Code     2  startup_tm4c123.o(.text)
    PWM0_1_Handler                           0x0000036d   Thumb Code     2  startup_tm4c123.o(.text)
    PWM0_2_Handler                           0x0000036f   Thumb Code     2  startup_tm4c123.o(.text)
    QEI0_Handler                             0x00000371   Thumb Code     2  startup_tm4c123.o(.text)
    ADC0SS0_Handler                          0x00000373   Thumb Code     2  startup_tm4c123.o(.text)
    ADC0SS1_Handler                          0x00000375   Thumb Code     2  startup_tm4c123.o(.text)
    ADC0SS2_Handler                          0x00000377   Thumb Code     2  startup_tm4c123.o(.text)
    ADC0SS3_Handler                          0x00000379   Thumb Code     2  startup_tm4c123.o(.text)
    WDT0_Handler                             0x0000037b   Thumb Code     2  startup_tm4c123.o(.text)
    TIMER0A_Handler                          0x0000037d   Thumb Code     2  startup_tm4c123.o(.text)
    TIMER0B_Handler                          0x0000037f   Thumb Code     2  startup_tm4c123.o(.text)
    TIMER1A_Handler                          0x00000381   Thumb Code     2  startup_tm4c123.o(.text)
    TIMER1B_Handler                          0x00000383   Thumb Code     2  startup_tm4c123.o(.text)
    TIMER2A_Handler                          0x00000385   Thumb Code     2  startup_tm4c123.o(.text)
    TIMER2B_Handler                          0x00000387   Thumb Code     2  startup_tm4c123.o(.text)
    COMP0_Handler                            0x00000389   Thumb Code     2  startup_tm4c123.o(.text)
    COMP1_Handler                            0x0000038b   Thumb Code     2  startup_tm4c123.o(.text)
    COMP2_Handler                            0x0000038d   Thumb Code     2  startup_tm4c123.o(.text)
    SYSCTL_Handler                           0x0000038f   Thumb Code     2  startup_tm4c123.o(.text)
    FLASH_Handler                            0x00000391   Thumb Code     2  startup_tm4c123.o(.text)
    GPIOF_Handler                            0x00000393   Thumb Code     2  startup_tm4c123.o(.text)
    GPIOG_Handler                            0x00000395   Thumb Code     2  startup_tm4c123.o(.text)
    GPIOH_Handler                            0x00000397   Thumb Code     2  startup_tm4c123.o(.text)
    UART2_Handler                            0x00000399   Thumb Code     2  startup_tm4c123.o(.text)
    SSI1_Handler                             0x0000039b   Thumb Code     2  startup_tm4c123.o(.text)
    TIMER3A_Handler                          0x0000039d   Thumb Code     2  startup_tm4c123.o(.text)
    TIMER3B_Handler                          0x0000039f   Thumb Code     2  startup_tm4c123.o(.text)
    I2C1_Handler                             0x000003a1   Thumb Code     2  startup_tm4c123.o(.text)
    QEI1_Handler                             0x000003a3   Thumb Code     2  startup_tm4c123.o(.text)
    CAN0_Handler                             0x000003a5   Thumb Code     2  startup_tm4c123.o(.text)
    CAN1_Handler                             0x000003a7   Thumb Code     2  startup_tm4c123.o(.text)
    CAN2_Handler                             0x000003a9   Thumb Code     2  startup_tm4c123.o(.text)
    HIB_Handler                              0x000003ab   Thumb Code     2  startup_tm4c123.o(.text)
    USB0_Handler                             0x000003ad   Thumb Code     2  startup_tm4c123.o(.text)
    PWM0_3_Handler                           0x000003af   Thumb Code     2  startup_tm4c123.o(.text)
    UDMA_Handler                             0x000003b1   Thumb Code     2  startup_tm4c123.o(.text)
    UDMAERR_Handler                          0x000003b3   Thumb Code     2  startup_tm4c123.o(.text)
    ADC1SS0_Handler                          0x000003b5   Thumb Code     2  startup_tm4c123.o(.text)
    ADC1SS1_Handler                          0x000003b7   Thumb Code     2  startup_tm4c123.o(.text)
    ADC1SS2_Handler                          0x000003b9   Thumb Code     2  startup_tm4c123.o(.text)
    ADC1SS3_Handler                          0x000003bb   Thumb Code     2  startup_tm4c123.o(.text)
    GPIOJ_Handler                            0x000003bd   Thumb Code     2  startup_tm4c123.o(.text)
    GPIOK_Handler                            0x000003bf   Thumb Code     2  startup_tm4c123.o(.text)
    GPIOL_Handler                            0x000003c1   Thumb Code     2  startup_tm4c123.o(.text)
    SSI2_Handler                             0x000003c3   Thumb Code     2  startup_tm4c123.o(.text)
    SSI3_Handler                             0x000003c5   Thumb Code     2  startup_tm4c123.o(.text)
    UART3_Handler                            0x000003c7   Thumb Code     2  startup_tm4c123.o(.text)
    UART4_Handler                            0x000003c9   Thumb Code     2  startup_tm4c123.o(.text)
    UART5_Handler                            0x000003cb   Thumb Code     2  startup_tm4c123.o(.text)
    UART6_Handler                            0x000003cd   Thumb Code     2  startup_tm4c123.o(.text)
    UART7_Handler                            0x000003cf   Thumb Code     2  startup_tm4c123.o(.text)
    I2C2_Handler                             0x000003d1   Thumb Code     2  startup_tm4c123.o(.text)
    I2C3_Handler                             0x000003d3   Thumb Code     2  startup_tm4c123.o(.text)
    TIMER4A_Handler                          0x000003d5   Thumb Code     2  startup_tm4c123.o(.text)
    TIMER4B_Handler                          0x000003d7   Thumb Code     2  startup_tm4c123.o(.text)
    TIMER5A_Handler                          0x000003d9   Thumb Code     2  startup_tm4c123.o(.text)
    TIMER5B_Handler                          0x000003db   Thumb Code     2  startup_tm4c123.o(.text)
    WTIMER0A_Handler                         0x000003dd   Thumb Code     2  startup_tm4c123.o(.text)
    WTIMER0B_Handler                         0x000003df   Thumb Code     2  startup_tm4c123.o(.text)
    WTIMER1A_Handler                         0x000003e1   Thumb Code     2  startup_tm4c123.o(.text)
    WTIMER1B_Handler                         0x000003e3   Thumb Code     2  startup_tm4c123.o(.text)
    WTIMER2A_Handler                         0x000003e5   Thumb Code     2  startup_tm4c123.o(.text)
    WTIMER2B_Handler                         0x000003e7   Thumb Code     2  startup_tm4c123.o(.text)
    WTIMER3A_Handler                         0x000003e9   Thumb Code     2  startup_tm4c123.o(.text)
    WTIMER3B_Handler                         0x000003eb   Thumb Code     2  startup_tm4c123.o(.text)
    WTIMER4A_Handler                         0x000003ed   Thumb Code     2  startup_tm4c123.o(.text)
    WTIMER4B_Handler                         0x000003ef   Thumb Code     2  startup_tm4c123.o(.text)
    WTIMER5A_Handler                         0x000003f1   Thumb Code     2  startup_tm4c123.o(.text)
    WTIMER5B_Handler                         0x000003f3   Thumb Code     2  startup_tm4c123.o(.text)
    FPU_Handler                              0x000003f5   Thumb Code     2  startup_tm4c123.o(.text)
    I2C4_Handler                             0x000003f7   Thumb Code     2  startup_tm4c123.o(.text)
    I2C5_Handler                             0x000003f9   Thumb Code     2  startup_tm4c123.o(.text)
    GPIOM_Handler                            0x000003fb   Thumb Code     2  startup_tm4c123.o(.text)
    GPION_Handler                            0x000003fd   Thumb Code     2  startup_tm4c123.o(.text)
    QEI2_Handler                             0x000003ff   Thumb Code     2  startup_tm4c123.o(.text)
    GPIOP0_Handler                           0x00000401   Thumb Code     2  startup_tm4c123.o(.text)
    GPIOP1_Handler                           0x00000403   Thumb Code     2  startup_tm4c123.o(.text)
    GPIOP2_Handler                           0x00000405   Thumb Code     2  startup_tm4c123.o(.text)
    GPIOP3_Handler                           0x00000407   Thumb Code     2  startup_tm4c123.o(.text)
    GPIOP4_Handler                           0x00000409   Thumb Code     2  startup_tm4c123.o(.text)
    GPIOP5_Handler                           0x0000040b   Thumb Code     2  startup_tm4c123.o(.text)
    GPIOP6_Handler                           0x0000040d   Thumb Code     2  startup_tm4c123.o(.text)
    GPIOP7_Handler                           0x0000040f   Thumb Code     2  startup_tm4c123.o(.text)
    GPIOQ0_Handler                           0x00000411   Thumb Code     2  startup_tm4c123.o(.text)
    GPIOQ1_Handler                           0x00000413   Thumb Code     2  startup_tm4c123.o(.text)
    GPIOQ2_Handler                           0x00000415   Thumb Code     2  startup_tm4c123.o(.text)
    GPIOQ3_Handler                           0x00000417   Thumb Code     2  startup_tm4c123.o(.text)
    GPIOQ4_Handler                           0x00000419   Thumb Code     2  startup_tm4c123.o(.text)
    GPIOQ5_Handler                           0x0000041b   Thumb Code     2  startup_tm4c123.o(.text)
    GPIOQ6_Handler                           0x0000041d   Thumb Code     2  startup_tm4c123.o(.text)
    GPIOQ7_Handler                           0x0000041f   Thumb Code     2  startup_tm4c123.o(.text)
    GPIOR_Handler                            0x00000421   Thumb Code     2  startup_tm4c123.o(.text)
    GPIOS_Handler                            0x00000423   Thumb Code     2  startup_tm4c123.o(.text)
    PMW1_0_Handler                           0x00000425   Thumb Code     2  startup_tm4c123.o(.text)
    PWM1_1_Handler                           0x00000427   Thumb Code     2  startup_tm4c123.o(.text)
    PWM1_2_Handler                           0x00000429   Thumb Code     2  startup_tm4c123.o(.text)
    PWM1_3_Handler                           0x0000042b   Thumb Code     2  startup_tm4c123.o(.text)
    PWM1_FAULT_Handler                       0x0000042d   Thumb Code     2  startup_tm4c123.o(.text)
    __user_initial_stackheap                 0x00000431   Thumb Code     0  startup_tm4c123.o(.text)
    __use_two_region_memory                  0x00000451   Thumb Code     2  heapauxi.o(.text)
    __rt_heap_escrow$2region                 0x00000453   Thumb Code     2  heapauxi.o(.text)
    __rt_heap_expand$2region                 0x00000455   Thumb Code     2  heapauxi.o(.text)
    __user_setup_stackheap                   0x00000457   Thumb Code    74  sys_stackheap_outer.o(.text)
    exit                                     0x000004a1   Thumb Code    18  exit.o(.text)
    __user_libspace                          0x000004b5   Thumb Code     8  libspace.o(.text)
    __user_perproc_libspace                  0x000004b5   Thumb Code     0  libspace.o(.text)
    __user_perthread_libspace                0x000004b5   Thumb Code     0  libspace.o(.text)
    _sys_exit                                0x000004bd   Thumb Code     8  sys_exit.o(.text)
    __I$use$semihosting                      0x000004c9   Thumb Code     0  use_no_semi.o(.text)
    __use_no_semihosting_swi                 0x000004c9   Thumb Code     2  use_no_semi.o(.text)
    __semihosting_library_function           0x000004cb   Thumb Code     0  indicate_semi.o(.text)
    ClearRXBuffer                            0x000004cd   Thumb Code    34  main_serialsw.o(i.ClearRXBuffer)
    ClearRXBuffer_sever                      0x000004f5   Thumb Code    18  main_serialsw.o(i.ClearRXBuffer_sever)
    GPIODirModeSet                           0x0000050d   Thumb Code    50  gpio.o(i.GPIODirModeSet)
    GPIOPadConfigSet                         0x0000053f   Thumb Code   342  gpio.o(i.GPIOPadConfigSet)
    GPIOPinConfigure                         0x00000695   Thumb Code    70  gpio.o(i.GPIOPinConfigure)
    GPIOPinTypeGPIOOutput                    0x000006e5   Thumb Code    30  gpio.o(i.GPIOPinTypeGPIOOutput)
    GPIOPinTypeUART                          0x00000703   Thumb Code    30  gpio.o(i.GPIOPinTypeUART)
    GPIO_Config                              0x00000721   Thumb Code    46  main_serialsw.o(i.GPIO_Config)
    IntEnable                                0x00000755   Thumb Code   108  interrupt.o(i.IntEnable)
    IntMasterEnable                          0x000007c9   Thumb Code    16  interrupt.o(i.IntMasterEnable)
    Port0IntHandler                          0x000007d9   Thumb Code   182  main_serialsw.o(i.Port0IntHandler)
    Port1IntHandler                          0x000008ad   Thumb Code   182  main_serialsw.o(i.Port1IntHandler)
    Port2IntHandler                          0x00000981   Thumb Code   182  main_serialsw.o(i.Port2IntHandler)
    Port3IntHandler                          0x00000a55   Thumb Code   182  main_serialsw.o(i.Port3IntHandler)
    Port4IntHandler                          0x00000b29   Thumb Code   182  main_serialsw.o(i.Port4IntHandler)
    Port5IntHandler                          0x00000bfd   Thumb Code   182  main_serialsw.o(i.Port5IntHandler)
    Port6IntHandler                          0x00000cd1   Thumb Code   182  main_serialsw.o(i.Port6IntHandler)
    SYSClockSet                              0x00000da5   Thumb Code    10  main_serialsw.o(i.SYSClockSet)
    SeverIntHandler                          0x00000db5   Thumb Code   182  main_serialsw.o(i.SeverIntHandler)
    SysCtlClockGet                           0x00000e89   Thumb Code   324  sysctl.o(i.SysCtlClockGet)
    SysCtlClockSet                           0x00000ff5   Thumb Code   280  sysctl.o(i.SysCtlClockSet)
    SysCtlPeripheralEnable                   0x00001121   Thumb Code    46  sysctl.o(i.SysCtlPeripheralEnable)
    SystemInit                               0x00001155   Thumb Code   112  system_tm4c123.o(i.SystemInit)
    UART0_Config                             0x000011ed   Thumb Code    78  main_serialsw.o(i.UART0_Config)
    UART1_Config                             0x00001249   Thumb Code    76  main_serialsw.o(i.UART1_Config)
    UART2_Config                             0x000012a9   Thumb Code   126  main_serialsw.o(i.UART2_Config)
    UART3_Config                             0x0000134d   Thumb Code    74  main_serialsw.o(i.UART3_Config)
    UART4_Config                             0x000013b1   Thumb Code    74  main_serialsw.o(i.UART4_Config)
    UART5_Config                             0x00001415   Thumb Code    74  main_serialsw.o(i.UART5_Config)
    UART6_Config                             0x00001479   Thumb Code    74  main_serialsw.o(i.UART6_Config)
    UART7_Config                             0x000014dd   Thumb Code    74  main_serialsw.o(i.UART7_Config)
    UARTCharGet                              0x00001541   Thumb Code    18  uart.o(i.UARTCharGet)
    UARTCharPut                              0x00001553   Thumb Code    16  uart.o(i.UARTCharPut)
    UARTCharsAvail                           0x00001563   Thumb Code    12  uart.o(i.UARTCharsAvail)
    UARTConfigSetExpClk                      0x0000156f   Thumb Code    76  uart.o(i.UARTConfigSetExpClk)
    UARTDisable                              0x000015bb   Thumb Code    32  uart.o(i.UARTDisable)
    UARTEnable                               0x000015db   Thumb Code    20  uart.o(i.UARTEnable)
    UARTIntClear                             0x000015ef   Thumb Code     4  uart.o(i.UARTIntClear)
    UARTIntEnable                            0x000015f3   Thumb Code     8  uart.o(i.UARTIntEnable)
    UARTIntStatus                            0x000015fb   Thumb Code    12  uart.o(i.UARTIntStatus)
    afproto_frame_data                       0x00001607   Thumb Code   146  afproto.o(i.afproto_frame_data)
    afproto_get_data                         0x00001699   Thumb Code   188  afproto.o(i.afproto_get_data)
    channel                                  0x00001755   Thumb Code    50  main_serialsw.o(i.channel)
    crc16_floating                           0x00001795   Thumb Code    22  crc16.o(i.crc16_floating)
    main                                     0x000017b1   Thumb Code   656  main_serialsw.o(i.main)
    setup                                    0x00001a99   Thumb Code    44  main_serialsw.o(i.setup)
    _fp_init                                 0x00001ac5   Thumb Code    10  fpinit.o(x$fpl$fpinit)
    __fplib_config_fpu_vfp                   0x00001acd   Thumb Code     0  fpinit.o(x$fpl$fpinit)
    __fplib_config_pureend_doubles           0x00001acd   Thumb Code     0  fpinit.o(x$fpl$fpinit)
    Region$$Table$$Base                      0x00002258   Number         0  anon$$obj.o(Region$$Table)
    Region$$Table$$Limit                     0x00002278   Number         0  anon$$obj.o(Region$$Table)
    IsSending_sever                          0x20000000   Data           1  main_serialsw.o(.data)
    IsSending                                0x20000001   Data           7  main_serialsw.o(.data)
    BufferFlag_sever                         0x20000008   Data           1  main_serialsw.o(.data)
    BufferFlag                               0x20000009   Data           7  main_serialsw.o(.data)
    Count_sever                              0x20000010   Data           4  main_serialsw.o(.data)
    BufferLength_sever                       0x20000014   Data           4  main_serialsw.o(.data)
    ReadByte_sever                           0x20000018   Data           1  main_serialsw.o(.data)
    ReadByte                                 0x20000019   Data           7  main_serialsw.o(.data)
    a                                        0x20000020   Data           4  main_serialsw.o(.data)
    b                                        0x20000024   Data           4  main_serialsw.o(.data)
    buffernum                                0x20000028   Data           4  main_serialsw.o(.data)
    write_len                                0x2000002c   Data           4  main_serialsw.o(.data)
    size                                     0x20000030   Data           4  main_serialsw.o(.data)
    len                                      0x20000034   Data           4  main_serialsw.o(.data)
    i                                        0x20000038   Data           4  main_serialsw.o(.data)
    j                                        0x2000003c   Data           4  main_serialsw.o(.data)
    temp                                     0x20000040   Data           4  main_serialsw.o(.data)
    Count                                    0x20000044   Data          28  main_serialsw.o(.bss)
    BufferLength                             0x20000060   Data          28  main_serialsw.o(.bss)
    RawBuffer_sever                          0x2000007c   Data         100  main_serialsw.o(.bss)
    RawBuffer                                0x200000e0   Data         700  main_serialsw.o(.bss)
    PayLoad                                  0x2000039c   Data         700  main_serialsw.o(.bss)
    BufferReply                              0x20000658   Data        1400  main_serialsw.o(.bss)
    __libspace_start                         0x20000bd0   Data          96  libspace.o(.bss)
    __temporary_stack_top$libspace           0x20000c30   Data           0  libspace.o(.bss)



==============================================================================

Memory Map of the image

  Image Entry point : 0x0000026d

  Load Region LR_IROM1 (Base: 0x00000000, Size: 0x000022bc, Max: 0x00040000, ABSOLUTE)

    Execution Region ER_IROM1 (Exec base: 0x00000000, Load base: 0x00000000, Size: 0x00002278, Max: 0x00040000, ABSOLUTE)

    Exec Addr    Load Addr    Size         Type   Attr      Idx    E Section Name        Object

    0x00000000   0x00000000   0x0000026c   Data   RO         6186    RESET               startup_tm4c123.o
    0x0000026c   0x0000026c   0x00000008   Code   RO         6258  * !!!main             c_w.l(__main.o)
    0x00000274   0x00000274   0x00000034   Code   RO         6415    !!!scatter          c_w.l(__scatter.o)
    0x000002a8   0x000002a8   0x0000001a   Code   RO         6417    !!handler_copy      c_w.l(__scatter_copy.o)
    0x000002c2   0x000002c2   0x00000002   PAD
    0x000002c4   0x000002c4   0x0000001c   Code   RO         6419    !!handler_zi        c_w.l(__scatter_zi.o)
    0x000002e0   0x000002e0   0x00000002   Code   RO         6285    .ARM.Collect$$libinit$$00000000  c_w.l(libinit.o)
    0x000002e2   0x000002e2   0x00000004   Code   RO         6291    .ARM.Collect$$libinit$$00000001  c_w.l(libinit2.o)
    0x000002e6   0x000002e6   0x00000000   Code   RO         6294    .ARM.Collect$$libinit$$00000004  c_w.l(libinit2.o)
    0x000002e6   0x000002e6   0x00000000   Code   RO         6297    .ARM.Collect$$libinit$$0000000A  c_w.l(libinit2.o)
    0x000002e6   0x000002e6   0x00000000   Code   RO         6299    .ARM.Collect$$libinit$$0000000C  c_w.l(libinit2.o)
    0x000002e6   0x000002e6   0x00000000   Code   RO         6301    .ARM.Collect$$libinit$$0000000E  c_w.l(libinit2.o)
    0x000002e6   0x000002e6   0x00000000   Code   RO         6304    .ARM.Collect$$libinit$$00000011  c_w.l(libinit2.o)
    0x000002e6   0x000002e6   0x00000000   Code   RO         6306    .ARM.Collect$$libinit$$00000013  c_w.l(libinit2.o)
    0x000002e6   0x000002e6   0x00000000   Code   RO         6308    .ARM.Collect$$libinit$$00000015  c_w.l(libinit2.o)
    0x000002e6   0x000002e6   0x00000000   Code   RO         6310    .ARM.Collect$$libinit$$00000017  c_w.l(libinit2.o)
    0x000002e6   0x000002e6   0x00000000   Code   RO         6312    .ARM.Collect$$libinit$$00000019  c_w.l(libinit2.o)
    0x000002e6   0x000002e6   0x00000000   Code   RO         6314    .ARM.Collect$$libinit$$0000001B  c_w.l(libinit2.o)
    0x000002e6   0x000002e6   0x00000000   Code   RO         6316    .ARM.Collect$$libinit$$0000001D  c_w.l(libinit2.o)
    0x000002e6   0x000002e6   0x00000000   Code   RO         6318    .ARM.Collect$$libinit$$0000001F  c_w.l(libinit2.o)
    0x000002e6   0x000002e6   0x00000000   Code   RO         6320    .ARM.Collect$$libinit$$00000021  c_w.l(libinit2.o)
    0x000002e6   0x000002e6   0x00000000   Code   RO         6322    .ARM.Collect$$libinit$$00000023  c_w.l(libinit2.o)
    0x000002e6   0x000002e6   0x00000000   Code   RO         6324    .ARM.Collect$$libinit$$00000025  c_w.l(libinit2.o)
    0x000002e6   0x000002e6   0x00000000   Code   RO         6328    .ARM.Collect$$libinit$$0000002C  c_w.l(libinit2.o)
    0x000002e6   0x000002e6   0x00000000   Code   RO         6330    .ARM.Collect$$libinit$$0000002E  c_w.l(libinit2.o)
    0x000002e6   0x000002e6   0x00000000   Code   RO         6332    .ARM.Collect$$libinit$$00000030  c_w.l(libinit2.o)
    0x000002e6   0x000002e6   0x00000000   Code   RO         6334    .ARM.Collect$$libinit$$00000032  c_w.l(libinit2.o)
    0x000002e6   0x000002e6   0x00000002   Code   RO         6335    .ARM.Collect$$libinit$$00000033  c_w.l(libinit2.o)
    0x000002e8   0x000002e8   0x00000002   Code   RO         6355    .ARM.Collect$$libshutdown$$00000000  c_w.l(libshutdown.o)
    0x000002ea   0x000002ea   0x00000000   Code   RO         6368    .ARM.Collect$$libshutdown$$00000002  c_w.l(libshutdown2.o)
    0x000002ea   0x000002ea   0x00000000   Code   RO         6370    .ARM.Collect$$libshutdown$$00000004  c_w.l(libshutdown2.o)
    0x000002ea   0x000002ea   0x00000000   Code   RO         6373    .ARM.Collect$$libshutdown$$00000007  c_w.l(libshutdown2.o)
    0x000002ea   0x000002ea   0x00000000   Code   RO         6376    .ARM.Collect$$libshutdown$$0000000A  c_w.l(libshutdown2.o)
    0x000002ea   0x000002ea   0x00000000   Code   RO         6378    .ARM.Collect$$libshutdown$$0000000C  c_w.l(libshutdown2.o)
    0x000002ea   0x000002ea   0x00000000   Code   RO         6381    .ARM.Collect$$libshutdown$$0000000F  c_w.l(libshutdown2.o)
    0x000002ea   0x000002ea   0x00000002   Code   RO         6382    .ARM.Collect$$libshutdown$$00000010  c_w.l(libshutdown2.o)
    0x000002ec   0x000002ec   0x00000000   Code   RO         6260    .ARM.Collect$$rtentry$$00000000  c_w.l(__rtentry.o)
    0x000002ec   0x000002ec   0x00000000   Code   RO         6262    .ARM.Collect$$rtentry$$00000002  c_w.l(__rtentry2.o)
    0x000002ec   0x000002ec   0x00000006   Code   RO         6274    .ARM.Collect$$rtentry$$00000004  c_w.l(__rtentry4.o)
    0x000002f2   0x000002f2   0x00000000   Code   RO         6264    .ARM.Collect$$rtentry$$00000009  c_w.l(__rtentry2.o)
    0x000002f2   0x000002f2   0x00000004   Code   RO         6265    .ARM.Collect$$rtentry$$0000000A  c_w.l(__rtentry2.o)
    0x000002f6   0x000002f6   0x00000000   Code   RO         6267    .ARM.Collect$$rtentry$$0000000C  c_w.l(__rtentry2.o)
    0x000002f6   0x000002f6   0x00000008   Code   RO         6268    .ARM.Collect$$rtentry$$0000000D  c_w.l(__rtentry2.o)
    0x000002fe   0x000002fe   0x00000002   Code   RO         6289    .ARM.Collect$$rtexit$$00000000  c_w.l(rtexit.o)
    0x00000300   0x00000300   0x00000000   Code   RO         6337    .ARM.Collect$$rtexit$$00000002  c_w.l(rtexit2.o)
    0x00000300   0x00000300   0x00000004   Code   RO         6338    .ARM.Collect$$rtexit$$00000003  c_w.l(rtexit2.o)
    0x00000304   0x00000304   0x00000006   Code   RO         6339    .ARM.Collect$$rtexit$$00000004  c_w.l(rtexit2.o)
    0x0000030a   0x0000030a   0x00000002   PAD
    0x0000030c   0x0000030c   0x00000026   Code   RO          853    .emb_text           cpu.o
    0x00000332   0x00000332   0x00000002   PAD
    0x00000334   0x00000334   0x00000006   Code   RO         4211    .emb_text           sysctl.o
    0x0000033a   0x0000033a   0x00000002   PAD
    0x0000033c   0x0000033c   0x00000114   Code   RO         6187    .text               startup_tm4c123.o
    0x00000450   0x00000450   0x00000006   Code   RO         6256    .text               c_w.l(heapauxi.o)
    0x00000456   0x00000456   0x0000004a   Code   RO         6276    .text               c_w.l(sys_stackheap_outer.o)
    0x000004a0   0x000004a0   0x00000012   Code   RO         6278    .text               c_w.l(exit.o)
    0x000004b2   0x000004b2   0x00000002   PAD
    0x000004b4   0x000004b4   0x00000008   Code   RO         6286    .text               c_w.l(libspace.o)
    0x000004bc   0x000004bc   0x0000000c   Code   RO         6347    .text               c_w.l(sys_exit.o)
    0x000004c8   0x000004c8   0x00000002   Code   RO         6358    .text               c_w.l(use_no_semi.o)
    0x000004ca   0x000004ca   0x00000000   Code   RO         6360    .text               c_w.l(indicate_semi.o)
    0x000004ca   0x000004ca   0x00000002   PAD
    0x000004cc   0x000004cc   0x00000028   Code   RO            3    i.ClearRXBuffer     main_serialsw.o
    0x000004f4   0x000004f4   0x00000018   Code   RO            4    i.ClearRXBuffer_sever  main_serialsw.o
    0x0000050c   0x0000050c   0x00000032   Code   RO         2069    i.GPIODirModeSet    gpio.o
    0x0000053e   0x0000053e   0x00000156   Code   RO         2081    i.GPIOPadConfigSet  gpio.o
    0x00000694   0x00000694   0x00000050   Code   RO         2082    i.GPIOPinConfigure  gpio.o
    0x000006e4   0x000006e4   0x0000001e   Code   RO         2093    i.GPIOPinTypeGPIOOutput  gpio.o
    0x00000702   0x00000702   0x0000001e   Code   RO         2105    i.GPIOPinTypeUART   gpio.o
    0x00000720   0x00000720   0x00000034   Code   RO            6    i.GPIO_Config       main_serialsw.o
    0x00000754   0x00000754   0x00000074   Code   RO         3045    i.IntEnable         interrupt.o
    0x000007c8   0x000007c8   0x00000010   Code   RO         3048    i.IntMasterEnable   interrupt.o
    0x000007d8   0x000007d8   0x000000d4   Code   RO            7    i.Port0IntHandler   main_serialsw.o
    0x000008ac   0x000008ac   0x000000d4   Code   RO            8    i.Port1IntHandler   main_serialsw.o
    0x00000980   0x00000980   0x000000d4   Code   RO            9    i.Port2IntHandler   main_serialsw.o
    0x00000a54   0x00000a54   0x000000d4   Code   RO           10    i.Port3IntHandler   main_serialsw.o
    0x00000b28   0x00000b28   0x000000d4   Code   RO           11    i.Port4IntHandler   main_serialsw.o
    0x00000bfc   0x00000bfc   0x000000d4   Code   RO           12    i.Port5IntHandler   main_serialsw.o
    0x00000cd0   0x00000cd0   0x000000d4   Code   RO           13    i.Port6IntHandler   main_serialsw.o
    0x00000da4   0x00000da4   0x00000010   Code   RO           14    i.SYSClockSet       main_serialsw.o
    0x00000db4   0x00000db4   0x000000d4   Code   RO           15    i.SeverIntHandler   main_serialsw.o
    0x00000e88   0x00000e88   0x0000016c   Code   RO         4214    i.SysCtlClockGet    sysctl.o
    0x00000ff4   0x00000ff4   0x0000012c   Code   RO         4216    i.SysCtlClockSet    sysctl.o
    0x00001120   0x00001120   0x00000034   Code   RO         4245    i.SysCtlPeripheralEnable  sysctl.o
    0x00001154   0x00001154   0x00000098   Code   RO         6195    i.SystemInit        system_tm4c123.o
    0x000011ec   0x000011ec   0x0000005c   Code   RO           16    i.UART0_Config      main_serialsw.o
    0x00001248   0x00001248   0x00000060   Code   RO           17    i.UART1_Config      main_serialsw.o
    0x000012a8   0x000012a8   0x000000a4   Code   RO           18    i.UART2_Config      main_serialsw.o
    0x0000134c   0x0000134c   0x00000064   Code   RO           19    i.UART3_Config      main_serialsw.o
    0x000013b0   0x000013b0   0x00000064   Code   RO           20    i.UART4_Config      main_serialsw.o
    0x00001414   0x00001414   0x00000064   Code   RO           21    i.UART5_Config      main_serialsw.o
    0x00001478   0x00001478   0x00000064   Code   RO           22    i.UART6_Config      main_serialsw.o
    0x000014dc   0x000014dc   0x00000064   Code   RO           23    i.UART7_Config      main_serialsw.o
    0x00001540   0x00001540   0x00000012   Code   RO         4929    i.UARTCharGet       uart.o
    0x00001552   0x00001552   0x00000010   Code   RO         4931    i.UARTCharPut       uart.o
    0x00001562   0x00001562   0x0000000c   Code   RO         4933    i.UARTCharsAvail    uart.o
    0x0000156e   0x0000156e   0x0000004c   Code   RO         4937    i.UARTConfigSetExpClk  uart.o
    0x000015ba   0x000015ba   0x00000020   Code   RO         4940    i.UARTDisable       uart.o
    0x000015da   0x000015da   0x00000014   Code   RO         4942    i.UARTEnable        uart.o
    0x000015ee   0x000015ee   0x00000004   Code   RO         4950    i.UARTIntClear      uart.o
    0x000015f2   0x000015f2   0x00000008   Code   RO         4952    i.UARTIntEnable     uart.o
    0x000015fa   0x000015fa   0x0000000c   Code   RO         4954    i.UARTIntStatus     uart.o
    0x00001606   0x00001606   0x00000092   Code   RO         6142    i.afproto_frame_data  afproto.o
    0x00001698   0x00001698   0x000000bc   Code   RO         6143    i.afproto_get_data  afproto.o
    0x00001754   0x00001754   0x00000040   Code   RO           24    i.channel           main_serialsw.o
    0x00001794   0x00001794   0x0000001c   Code   RO         6167    i.crc16_floating    crc16.o
    0x000017b0   0x000017b0   0x000002e8   Code   RO           25    i.main              main_serialsw.o
    0x00001a98   0x00001a98   0x0000002c   Code   RO           26    i.setup             main_serialsw.o
    0x00001ac4   0x00001ac4   0x0000000a   Code   RO         6345    x$fpl$fpinit        fz_wm.l(fpinit.o)
    0x00001ace   0x00001ace   0x00000002   PAD
    0x00001ad0   0x00001ad0   0x00000228   Data   RO         2113    .constdata          gpio.o
    0x00001cf8   0x00001cf8   0x0000010c   Data   RO         3061    .constdata          interrupt.o
    0x00001e04   0x00001e04   0x00000254   Data   RO         4269    .constdata          sysctl.o
    0x00002058   0x00002058   0x00000200   Data   RO         6168    .constdata          crc16.o
    0x00002258   0x00002258   0x00000020   Data   RO         6413    Region$$Table       anon$$obj.o


    Execution Region RW_IRAM1 (Exec base: 0x20000000, Load base: 0x00002278, Size: 0x00000e30, Max: 0x00008000, ABSOLUTE)

    Exec Addr    Load Addr    Size         Type   Attr      Idx    E Section Name        Object

    0x20000000   0x00002278   0x00000044   Data   RW           28    .data               main_serialsw.o
    0x20000044        -       0x00000b8c   Zero   RW           27    .bss                main_serialsw.o
    0x20000bd0        -       0x00000060   Zero   RW         6287    .bss                c_w.l(libspace.o)
    0x20000c30        -       0x00000000   Zero   RW         6185    HEAP                startup_tm4c123.o
    0x20000c30        -       0x00000200   Zero   RW         6184    STACK               startup_tm4c123.o


==============================================================================

Image component sizes


      Code (inc. data)   RO Data    RW Data    ZI Data      Debug   Object Name

       334          0          0          0          0       2124   afproto.o
        38          0          0          0          0        656   cpu.o
        28          6        512          0          0        933   crc16.o
       532         10        552          0          0       4309   gpio.o
       132          8        268          0          0       2094   interrupt.o
      3532        592          0         68       2956      18649   main_serialsw.o
       276         24        620          0        512       5428   startup_tm4c123.o
       722         66        596          0          0       4387   sysctl.o
       152         40          0          0          0        577   system_tm4c123.o
       198          0          0          0          0       5209   uart.o

    ----------------------------------------------------------------------
      5948        746       2580         68       3468      44366   Object Totals
         0          0         32          0          0          0   (incl. Generated)
         4          0          0          0          0          0   (incl. Padding)

    ----------------------------------------------------------------------

      Code (inc. data)   RO Data    RW Data    ZI Data      Debug   Library Member Name

         8          0          0          0          0         68   __main.o
         0          0          0          0          0          0   __rtentry.o
        12          0          0          0          0          0   __rtentry2.o
         6          0          0          0          0          0   __rtentry4.o
        52          8          0          0          0          0   __scatter.o
        26          0          0          0          0          0   __scatter_copy.o
        28          0          0          0          0          0   __scatter_zi.o
        18          0          0          0          0         80   exit.o
         6          0          0          0          0        152   heapauxi.o
         0          0          0          0          0          0   indicate_semi.o
         2          0          0          0          0          0   libinit.o
         6          0          0          0          0          0   libinit2.o
         2          0          0          0          0          0   libshutdown.o
         2          0          0          0          0          0   libshutdown2.o
         8          4          0          0         96         68   libspace.o
         2          0          0          0          0          0   rtexit.o
        10          0          0          0          0          0   rtexit2.o
        12          4          0          0          0         68   sys_exit.o
        74          0          0          0          0         80   sys_stackheap_outer.o
         2          0          0          0          0         68   use_no_semi.o
        10          0          0          0          0        116   fpinit.o

    ----------------------------------------------------------------------
       296         16          0          0         96        700   Library Totals
        10          0          0          0          0          0   (incl. Padding)

    ----------------------------------------------------------------------

      Code (inc. data)   RO Data    RW Data    ZI Data      Debug   Library Name

       276         16          0          0         96        584   c_w.l
        10          0          0          0          0        116   fz_wm.l

    ----------------------------------------------------------------------
       296         16          0          0         96        700   Library Totals

    ----------------------------------------------------------------------

==============================================================================


      Code (inc. data)   RO Data    RW Data    ZI Data      Debug   

      6244        762       2580         68       3564      40510   Grand Totals
      6244        762       2580         68       3564      40510   ELF Image Totals
      6244        762       2580         68          0          0   ROM Totals

==============================================================================

    Total RO  Size (Code + RO Data)                 8824 (   8.62kB)
    Total RW  Size (RW Data + ZI Data)              3632 (   3.55kB)
    Total ROM Size (Code + RO Data + RW Data)       8892 (   8.68kB)

==============================================================================

